Archive member included to satisfy reference by file (symbol)

/opt/st/stm32cubeide_1.3.0/plugins/com.st.stm32cube.ide.mcu.externaltools.gnu-tools-for-stm32.7-2018-q2-update.linux64_1.0.0.201904181610/tools/bin/../lib/gcc/arm-none-eabi/7.3.1/../../../../arm-none-eabi/lib/thumb/v7e-m/fpv4-sp/hard/libc_nano.a(lib_a-errno.o)
                              Core/Src/syscalls.o (__errno)
/opt/st/stm32cubeide_1.3.0/plugins/com.st.stm32cube.ide.mcu.externaltools.gnu-tools-for-stm32.7-2018-q2-update.linux64_1.0.0.201904181610/tools/bin/../lib/gcc/arm-none-eabi/7.3.1/../../../../arm-none-eabi/lib/thumb/v7e-m/fpv4-sp/hard/libc_nano.a(lib_a-exit.o)
                              /opt/st/stm32cubeide_1.3.0/plugins/com.st.stm32cube.ide.mcu.externaltools.gnu-tools-for-stm32.7-2018-q2-update.linux64_1.0.0.201904181610/tools/bin/../lib/gcc/arm-none-eabi/7.3.1/../../../../arm-none-eabi/lib/thumb/v7e-m/fpv4-sp/hard/crt0.o (exit)
/opt/st/stm32cubeide_1.3.0/plugins/com.st.stm32cube.ide.mcu.externaltools.gnu-tools-for-stm32.7-2018-q2-update.linux64_1.0.0.201904181610/tools/bin/../lib/gcc/arm-none-eabi/7.3.1/../../../../arm-none-eabi/lib/thumb/v7e-m/fpv4-sp/hard/libc_nano.a(lib_a-impure.o)
                              /opt/st/stm32cubeide_1.3.0/plugins/com.st.stm32cube.ide.mcu.externaltools.gnu-tools-for-stm32.7-2018-q2-update.linux64_1.0.0.201904181610/tools/bin/../lib/gcc/arm-none-eabi/7.3.1/../../../../arm-none-eabi/lib/thumb/v7e-m/fpv4-sp/hard/libc_nano.a(lib_a-exit.o) (_global_impure_ptr)
/opt/st/stm32cubeide_1.3.0/plugins/com.st.stm32cube.ide.mcu.externaltools.gnu-tools-for-stm32.7-2018-q2-update.linux64_1.0.0.201904181610/tools/bin/../lib/gcc/arm-none-eabi/7.3.1/../../../../arm-none-eabi/lib/thumb/v7e-m/fpv4-sp/hard/libc_nano.a(lib_a-init.o)
                              /opt/st/stm32cubeide_1.3.0/plugins/com.st.stm32cube.ide.mcu.externaltools.gnu-tools-for-stm32.7-2018-q2-update.linux64_1.0.0.201904181610/tools/bin/../lib/gcc/arm-none-eabi/7.3.1/../../../../arm-none-eabi/lib/thumb/v7e-m/fpv4-sp/hard/crt0.o (__libc_init_array)
/opt/st/stm32cubeide_1.3.0/plugins/com.st.stm32cube.ide.mcu.externaltools.gnu-tools-for-stm32.7-2018-q2-update.linux64_1.0.0.201904181610/tools/bin/../lib/gcc/arm-none-eabi/7.3.1/../../../../arm-none-eabi/lib/thumb/v7e-m/fpv4-sp/hard/libc_nano.a(lib_a-memcpy-stub.o)
                              Middlewares/Third_Party/FreeRTOS/Source/CMSIS_RTOS_V2/cmsis_os2.o (memcpy)
/opt/st/stm32cubeide_1.3.0/plugins/com.st.stm32cube.ide.mcu.externaltools.gnu-tools-for-stm32.7-2018-q2-update.linux64_1.0.0.201904181610/tools/bin/../lib/gcc/arm-none-eabi/7.3.1/../../../../arm-none-eabi/lib/thumb/v7e-m/fpv4-sp/hard/libc_nano.a(lib_a-memset.o)
                              /opt/st/stm32cubeide_1.3.0/plugins/com.st.stm32cube.ide.mcu.externaltools.gnu-tools-for-stm32.7-2018-q2-update.linux64_1.0.0.201904181610/tools/bin/../lib/gcc/arm-none-eabi/7.3.1/../../../../arm-none-eabi/lib/thumb/v7e-m/fpv4-sp/hard/crt0.o (memset)
/opt/st/stm32cubeide_1.3.0/plugins/com.st.stm32cube.ide.mcu.externaltools.gnu-tools-for-stm32.7-2018-q2-update.linux64_1.0.0.201904181610/tools/bin/../lib/gcc/arm-none-eabi/7.3.1/thumb/v7e-m/fpv4-sp/hard/libgcc.a(_aeabi_uldivmod.o)
                              Drivers/STM32F4xx_HAL_Driver/Src/stm32f4xx_hal_rcc.o (__aeabi_uldivmod)
/opt/st/stm32cubeide_1.3.0/plugins/com.st.stm32cube.ide.mcu.externaltools.gnu-tools-for-stm32.7-2018-q2-update.linux64_1.0.0.201904181610/tools/bin/../lib/gcc/arm-none-eabi/7.3.1/thumb/v7e-m/fpv4-sp/hard/libgcc.a(_udivmoddi4.o)
                              /opt/st/stm32cubeide_1.3.0/plugins/com.st.stm32cube.ide.mcu.externaltools.gnu-tools-for-stm32.7-2018-q2-update.linux64_1.0.0.201904181610/tools/bin/../lib/gcc/arm-none-eabi/7.3.1/thumb/v7e-m/fpv4-sp/hard/libgcc.a(_aeabi_uldivmod.o) (__udivmoddi4)
/opt/st/stm32cubeide_1.3.0/plugins/com.st.stm32cube.ide.mcu.externaltools.gnu-tools-for-stm32.7-2018-q2-update.linux64_1.0.0.201904181610/tools/bin/../lib/gcc/arm-none-eabi/7.3.1/thumb/v7e-m/fpv4-sp/hard/libgcc.a(_dvmd_tls.o)
                              /opt/st/stm32cubeide_1.3.0/plugins/com.st.stm32cube.ide.mcu.externaltools.gnu-tools-for-stm32.7-2018-q2-update.linux64_1.0.0.201904181610/tools/bin/../lib/gcc/arm-none-eabi/7.3.1/thumb/v7e-m/fpv4-sp/hard/libgcc.a(_aeabi_uldivmod.o) (__aeabi_ldiv0)

Allocating common symbols
Common symbol       size              file

defaultTaskHandle   0x4               Core/Src/freertos.o
hi2c1               0x54              Core/Src/i2c.o
uwTick              0x4               Drivers/STM32F4xx_HAL_Driver/Src/stm32f4xx_hal.o
xQueueRegistry      0x40              Middlewares/Third_Party/FreeRTOS/Source/queue.o
pFlash              0x20              Drivers/STM32F4xx_HAL_Driver/Src/stm32f4xx_hal_flash.o
myTask02Handle      0x4               Core/Src/freertos.o
hrtc                0x20              Core/Src/rtc.o
hspi1               0x58              Core/Src/spi.o
heth                0x48              Core/Src/eth.o
[...]
Memory Configuration

Name             Origin             Length             Attributes
CCMRAM           0x0000000010000000 0x0000000000010000 xrw
RAM              0x0000000020000000 0x0000000000030000 xrw
FLASH            0x0000000008000000 0x0000000000200000 xr
*default*        0x0000000000000000 0xffffffffffffffff

Linker script and memory map

LOAD /opt/st/stm32cubeide_1.3.0/plugins/com.st.stm32cube.ide.mcu.externaltools.gnu-tools-for-stm32.7-2018-q2-update.linux64_1.0.0.201904181610/tools/bin/../lib/gcc/arm-none-eabi/7.3.1/thumb/v7e-m/fpv4-sp/hard/crti.o
LOAD /opt/st/stm32cubeide_1.3.0/plugins/com.st.stm32cube.ide.mcu.externaltools.gnu-tools-for-stm32.7-2018-q2-update.linux64_1.0.0.201904181610/tools/bin/../lib/gcc/arm-none-eabi/7.3.1/thumb/v7e-m/fpv4-sp/hard/crtbegin.o
LOAD /opt/st/stm32cubeide_1.3.0/plugins/com.st.stm32cube.ide.mcu.externaltools.gnu-tools-for-stm32.7-2018-q2-update.linux64_1.0.0.201904181610/tools/bin/../lib/gcc/arm-none-eabi/7.3.1/../../../../arm-none-eabi/lib/thumb/v7e-m/fpv4-sp/hard/crt0.o
LOAD Core/Src/eth.o
LOAD Core/Src/freertos.o
LOAD Core/Src/gpio.o
LOAD Core/Src/i2c.o
LOAD Core/Src/main.o
LOAD Core/Src/rtc.o
LOAD Core/Src/spi.o
LOAD Core/Src/stm32f4xx_hal_msp.o
LOAD Core/Src/stm32f4xx_hal_timebase_tim.o
LOAD Core/Src/stm32f4xx_it.o
LOAD Core/Src/syscalls.o
LOAD Core/Src/sysmem.o
LOAD Core/Src/system_stm32f4xx.o
LOAD Core/Startup/startup_stm32f429zitx.o
LOAD Drivers/STM32F4xx_HAL_Driver/Src/stm32f4xx_hal.o
LOAD Drivers/STM32F4xx_HAL_Driver/Src/stm32f4xx_hal_cortex.o
LOAD Drivers/STM32F4xx_HAL_Driver/Src/stm32f4xx_hal_dma.o
LOAD Drivers/STM32F4xx_HAL_Driver/Src/stm32f4xx_hal_dma_ex.o
LOAD Drivers/STM32F4xx_HAL_Driver/Src/stm32f4xx_hal_eth.o
LOAD Drivers/STM32F4xx_HAL_Driver/Src/stm32f4xx_hal_exti.o
LOAD Drivers/STM32F4xx_HAL_Driver/Src/stm32f4xx_hal_flash.o
LOAD Drivers/STM32F4xx_HAL_Driver/Src/stm32f4xx_hal_flash_ex.o
LOAD Drivers/STM32F4xx_HAL_Driver/Src/stm32f4xx_hal_flash_ramfunc.o
LOAD Drivers/STM32F4xx_HAL_Driver/Src/stm32f4xx_hal_gpio.o
LOAD Drivers/STM32F4xx_HAL_Driver/Src/stm32f4xx_hal_i2c.o
LOAD Drivers/STM32F4xx_HAL_Driver/Src/stm32f4xx_hal_i2c_ex.o
LOAD Drivers/STM32F4xx_HAL_Driver/Src/stm32f4xx_hal_pwr.o
LOAD Drivers/STM32F4xx_HAL_Driver/Src/stm32f4xx_hal_pwr_ex.o
LOAD Drivers/STM32F4xx_HAL_Driver/Src/stm32f4xx_hal_rcc.o
LOAD Drivers/STM32F4xx_HAL_Driver/Src/stm32f4xx_hal_rcc_ex.o
LOAD Drivers/STM32F4xx_HAL_Driver/Src/stm32f4xx_hal_rtc.o
LOAD Drivers/STM32F4xx_HAL_Driver/Src/stm32f4xx_hal_rtc_ex.o
LOAD Drivers/STM32F4xx_HAL_Driver/Src/stm32f4xx_hal_spi.o
LOAD Drivers/STM32F4xx_HAL_Driver/Src/stm32f4xx_hal_tim.o
LOAD Drivers/STM32F4xx_HAL_Driver/Src/stm32f4xx_hal_tim_ex.o
LOAD Middlewares/Third_Party/FreeRTOS/Source/CMSIS_RTOS_V2/cmsis_os2.o
LOAD Middlewares/Third_Party/FreeRTOS/Source/croutine.o
LOAD Middlewares/Third_Party/FreeRTOS/Source/event_groups.o
LOAD Middlewares/Third_Party/FreeRTOS/Source/list.o
LOAD Middlewares/Third_Party/FreeRTOS/Source/queue.o
LOAD Middlewares/Third_Party/FreeRTOS/Source/stream_buffer.o
LOAD Middlewares/Third_Party/FreeRTOS/Source/tasks.o
LOAD Middlewares/Third_Party/FreeRTOS/Source/timers.o
LOAD Middlewares/Third_Party/FreeRTOS/Source/portable/GCC/ARM_CM4F/port.o
LOAD Middlewares/Third_Party/FreeRTOS/Source/portable/MemMang/heap_4.o
START GROUP
LOAD /opt/st/stm32cubeide_1.3.0/plugins/com.st.stm32cube.ide.mcu.externaltools.gnu-tools-for-stm32.7-2018-q2-update.linux64_1.0.0.201904181610/tools/bin/../lib/gcc/arm-none-eabi/7.3.1/../../../../arm-none-eabi/lib/thumb/v7e-m/fpv4-sp/hard/libstdc++_nano.a
LOAD /opt/st/stm32cubeide_1.3.0/plugins/com.st.stm32cube.ide.mcu.externaltools.gnu-tools-for-stm32.7-2018-q2-update.linux64_1.0.0.201904181610/tools/bin/../lib/gcc/arm-none-eabi/7.3.1/../../../../arm-none-eabi/lib/thumb/v7e-m/fpv4-sp/hard/libsupc++_nano.a
END GROUP
LOAD /opt/st/stm32cubeide_1.3.0/plugins/com.st.stm32cube.ide.mcu.externaltools.gnu-tools-for-stm32.7-2018-q2-update.linux64_1.0.0.201904181610/tools/bin/../lib/gcc/arm-none-eabi/7.3.1/../../../../arm-none-eabi/lib/thumb/v7e-m/fpv4-sp/hard/libstdc++_nano.a
LOAD /opt/st/stm32cubeide_1.3.0/plugins/com.st.stm32cube.ide.mcu.externaltools.gnu-tools-for-stm32.7-2018-q2-update.linux64_1.0.0.201904181610/tools/bin/../lib/gcc/arm-none-eabi/7.3.1/../../../../arm-none-eabi/lib/thumb/v7e-m/fpv4-sp/hard/libm.a
LOAD /opt/st/stm32cubeide_1.3.0/plugins/com.st.stm32cube.ide.mcu.externaltools.gnu-tools-for-stm32.7-2018-q2-update.linux64_1.0.0.201904181610/tools/bin/../lib/gcc/arm-none-eabi/7.3.1/../../../../arm-none-eabi/lib/thumb/v7e-m/fpv4-sp/hard/libc_nano.a
START GROUP
LOAD /opt/st/stm32cubeide_1.3.0/plugins/com.st.stm32cube.ide.mcu.externaltools.gnu-tools-for-stm32.7-2018-q2-update.linux64_1.0.0.201904181610/tools/bin/../lib/gcc/arm-none-eabi/7.3.1/thumb/v7e-m/fpv4-sp/hard/libgcc.a
LOAD /opt/st/stm32cubeide_1.3.0/plugins/com.st.stm32cube.ide.mcu.externaltools.gnu-tools-for-stm32.7-2018-q2-update.linux64_1.0.0.201904181610/tools/bin/../lib/gcc/arm-none-eabi/7.3.1/../../../../arm-none-eabi/lib/thumb/v7e-m/fpv4-sp/hard/libc_nano.a
END GROUP
START GROUP
LOAD /opt/st/stm32cubeide_1.3.0/plugins/com.st.stm32cube.ide.mcu.externaltools.gnu-tools-for-stm32.7-2018-q2-update.linux64_1.0.0.201904181610/tools/bin/../lib/gcc/arm-none-eabi/7.3.1/thumb/v7e-m/fpv4-sp/hard/libgcc.a
LOAD /opt/st/stm32cubeide_1.3.0/plugins/com.st.stm32cube.ide.mcu.externaltools.gnu-tools-for-stm32.7-2018-q2-update.linux64_1.0.0.201904181610/tools/bin/../lib/gcc/arm-none-eabi/7.3.1/../../../../arm-none-eabi/lib/thumb/v7e-m/fpv4-sp/hard/libc_nano.a
LOAD /opt/st/stm32cubeide_1.3.0/plugins/com.st.stm32cube.ide.mcu.externaltools.gnu-tools-for-stm32.7-2018-q2-update.linux64_1.0.0.201904181610/tools/bin/../lib/gcc/arm-none-eabi/7.3.1/../../../../arm-none-eabi/lib/thumb/v7e-m/fpv4-sp/hard/libnosys.a
END GROUP
START GROUP
LOAD /opt/st/stm32cubeide_1.3.0/plugins/com.st.stm32cube.ide.mcu.externaltools.gnu-tools-for-stm32.7-2018-q2-update.linux64_1.0.0.201904181610/tools/bin/../lib/gcc/arm-none-eabi/7.3.1/thumb/v7e-m/fpv4-sp/hard/libgcc.a
LOAD /opt/st/stm32cubeide_1.3.0/plugins/com.st.stm32cube.ide.mcu.externaltools.gnu-tools-for-stm32.7-2018-q2-update.linux64_1.0.0.201904181610/tools/bin/../lib/gcc/arm-none-eabi/7.3.1/../../../../arm-none-eabi/lib/thumb/v7e-m/fpv4-sp/hard/libc_nano.a
LOAD /opt/st/stm32cubeide_1.3.0/plugins/com.st.stm32cube.ide.mcu.externaltools.gnu-tools-for-stm32.7-2018-q2-update.linux64_1.0.0.201904181610/tools/bin/../lib/gcc/arm-none-eabi/7.3.1/../../../../arm-none-eabi/lib/thumb/v7e-m/fpv4-sp/hard/libnosys.a
END GROUP
LOAD /opt/st/stm32cubeide_1.3.0/plugins/com.st.stm32cube.ide.mcu.externaltools.gnu-tools-for-stm32.7-2018-q2-update.linux64_1.0.0.201904181610/tools/bin/../lib/gcc/arm-none-eabi/7.3.1/thumb/v7e-m/fpv4-sp/hard/crtend.o
LOAD /opt/st/stm32cubeide_1.3.0/plugins/com.st.stm32cube.ide.mcu.externaltools.gnu-tools-for-stm32.7-2018-q2-update.linux64_1.0.0.201904181610/tools/bin/../lib/gcc/arm-none-eabi/7.3.1/thumb/v7e-m/fpv4-sp/hard/crtn.o
                0x0000000020030000                _estack = (ORIGIN (RAM) + LENGTH (RAM))
                0x0000000000000200                _Min_Heap_Size = 0x200
                0x0000000000000400                _Min_Stack_Size = 0x400

.isr_vector     0x0000000008000000      0x1ac
                0x0000000008000000                . = ALIGN (0x4)
 *(.isr_vector)
 .isr_vector    0x0000000008000000      0x1ac Core/Startup/startup_stm32f429zitx.o
                0x0000000008000000                g_pfnVectors
                0x00000000080001ac                . = ALIGN (0x4)

.text           0x00000000080001b0     0x6134
                0x00000000080001b0                . = ALIGN (0x4)
 *(.text)
 .text          0x00000000080001b0       0x40 /opt/st/stm32cubeide_1.3.0/plugins/com.st.stm32cube.ide.mcu.externaltools.gnu-tools-for-stm32.7-2018-q2-update.linux64_1.0.0.201904181610/tools/bin/../lib/gcc/arm-none-eabi/7.3.1/thumb/v7e-m/fpv4-sp/hard/crtbegin.o
 .text          0x00000000080001f0       0x30 /opt/st/stm32cubeide_1.3.0/plugins/com.st.stm32cube.ide.mcu.externaltools.gnu-tools-for-stm32.7-2018-q2-update.linux64_1.0.0.201904181610/tools/bin/../lib/gcc/arm-none-eabi/7.3.1/thumb/v7e-m/fpv4-sp/hard/libgcc.a(_aeabi_uldivmod.o)
                0x00000000080001f0                __aeabi_uldivmod
 .text          0x0000000008000220      0x2cc /opt/st/stm32cubeide_1.3.0/plugins/com.st.stm32cube.ide.mcu.externaltools.gnu-tools-for-stm32.7-2018-q2-update.linux64_1.0.0.201904181610/tools/bin/../lib/gcc/arm-none-eabi/7.3.1/thumb/v7e-m/fpv4-sp/hard/libgcc.a(_udivmoddi4.o)
                0x0000000008000220                __udivmoddi4
 .text          0x00000000080004ec        0x4 /opt/st/stm32cubeide_1.3.0/plugins/com.st.stm32cube.ide.mcu.externaltools.gnu-tools-for-stm32.7-2018-q2-update.linux64_1.0.0.201904181610/tools/bin/../lib/gcc/arm-none-eabi/7.3.1/thumb/v7e-m/fpv4-sp/hard/libgcc.a(_dvmd_tls.o)
                0x00000000080004ec                __aeabi_ldiv0
                0x00000000080004ec                __aeabi_idiv0
 *(.text*)
 .text.MX_ETH_Init
                0x00000000080004f0       0x90 Core/Src/eth.o
                0x00000000080004f0                MX_ETH_Init
 .text.HAL_ETH_MspInit
                0x0000000008000580      0x18c Core/Src/eth.o
                0x0000000008000580                HAL_ETH_MspInit
 .text.MX_FREERTOS_Init
                0x000000000800070c       0x40 Core/Src/freertos.o
                0x000000000800070c                MX_FREERTOS_Init
 .text.StartDefaultTask
                0x000000000800074c       0x10 Core/Src/freertos.o
                0x000000000800074c                StartDefaultTask
 .text.StartTask02
                0x000000000800075c       0x10 Core/Src/freertos.o
                0x000000000800075c                StartTask02
 .text.MX_GPIO_Init
                0x000000000800076c       0xa4 Core/Src/gpio.o
                0x000000000800076c                MX_GPIO_Init
 .text.MX_I2C1_Init
                0x0000000008000810       0x80 Core/Src/i2c.o
                0x0000000008000810                MX_I2C1_Init
 .text.HAL_I2C_MspInit
                0x0000000008000890       0x90 Core/Src/i2c.o
                0x0000000008000890                HAL_I2C_MspInit
 .text.main     0x0000000008000920       0x2e Core/Src/main.o
                0x0000000008000920                main
 *fill*         0x000000000800094e        0x2 
 .text.SystemClock_Config
                0x0000000008000950      0x110 Core/Src/main.o
                0x0000000008000950                SystemClock_Config
 .text.HAL_TIM_PeriodElapsedCallback
                0x0000000008000a60       0x24 Core/Src/main.o
                0x0000000008000a60                HAL_TIM_PeriodElapsedCallback
 .text.Error_Handler
                0x0000000008000a84        0xe Core/Src/main.o
                0x0000000008000a84                Error_Handler
 *fill*         0x0000000008000a92        0x2 
 .text.MX_RTC_Init
                0x0000000008000a94       0xb4 Core/Src/rtc.o
                0x0000000008000a94                MX_RTC_Init
 .text.HAL_RTC_MspInit
                0x0000000008000b48       0x2c Core/Src/rtc.o
                0x0000000008000b48                HAL_RTC_MspInit
 .text.MX_SPI1_Init
                0x0000000008000b74       0x6c Core/Src/spi.o
                0x0000000008000b74                MX_SPI1_Init
 .text.HAL_SPI_MspInit
                0x0000000008000be0       0xd0 Core/Src/spi.o
                0x0000000008000be0                HAL_SPI_MspInit
 .text.HAL_MspInit
                0x0000000008000cb0       0x58 Core/Src/stm32f4xx_hal_msp.o
                0x0000000008000cb0                HAL_MspInit
 .text.HAL_InitTick
                0x0000000008000d08       0xb4 Core/Src/stm32f4xx_hal_timebase_tim.o
                0x0000000008000d08                HAL_InitTick
 .text.NMI_Handler
                0x0000000008000dbc        0xe Core/Src/stm32f4xx_it.o
                0x0000000008000dbc                NMI_Handler
 .text.HardFault_Handler
                0x0000000008000dca        0x6 Core/Src/stm32f4xx_it.o
                0x0000000008000dca                HardFault_Handler
 .text.MemManage_Handler
                0x0000000008000dd0        0x6 Core/Src/stm32f4xx_it.o
                0x0000000008000dd0                MemManage_Handler
 .text.BusFault_Handler
                0x0000000008000dd6        0x6 Core/Src/stm32f4xx_it.o
                0x0000000008000dd6                BusFault_Handler
 .text.UsageFault_Handler
                0x0000000008000ddc        0x6 Core/Src/stm32f4xx_it.o
                0x0000000008000ddc                UsageFault_Handler
 .text.DebugMon_Handler
                0x0000000008000de2        0xe Core/Src/stm32f4xx_it.o
                0x0000000008000de2                DebugMon_Handler
 .text.TIM7_IRQHandler
                0x0000000008000df0       0x14 Core/Src/stm32f4xx_it.o
                0x0000000008000df0                TIM7_IRQHandler
 .text.SystemInit
                0x0000000008000e04       0x2c Core/Src/system_stm32f4xx.o
                0x0000000008000e04                SystemInit
 .text.Reset_Handler
                0x0000000008000e30       0x50 Core/Startup/startup_stm32f429zitx.o
                0x0000000008000e30                Reset_Handler
 .text.Default_Handler
                0x0000000008000e80        0x2 Core/Startup/startup_stm32f429zitx.o
                0x0000000008000e80                RTC_Alarm_IRQHandler
                0x0000000008000e80                HASH_RNG_IRQHandler
                0x0000000008000e80                EXTI2_IRQHandler
                0x0000000008000e80                TIM8_CC_IRQHandler
                0x0000000008000e80                UART8_IRQHandler
                0x0000000008000e80                SPI4_IRQHandler
                0x0000000008000e80                TIM1_CC_IRQHandler
                0x0000000008000e80                DMA2_Stream5_IRQHandler
                0x0000000008000e80                DMA1_Stream5_IRQHandler
                0x0000000008000e80                PVD_IRQHandler
                0x0000000008000e80                SDIO_IRQHandler
                0x0000000008000e80                TAMP_STAMP_IRQHandler
                0x0000000008000e80                CAN2_RX1_IRQHandler
                0x0000000008000e80                EXTI3_IRQHandler
                0x0000000008000e80                TIM8_TRG_COM_TIM14_IRQHandler
                0x0000000008000e80                TIM1_UP_TIM10_IRQHandler
                0x0000000008000e80                TIM8_UP_TIM13_IRQHandler
                0x0000000008000e80                I2C3_ER_IRQHandler
                0x0000000008000e80                EXTI0_IRQHandler
                0x0000000008000e80                I2C2_EV_IRQHandler
                0x0000000008000e80                DMA1_Stream2_IRQHandler
                0x0000000008000e80                CAN1_RX0_IRQHandler
                0x0000000008000e80                FPU_IRQHandler
                0x0000000008000e80                OTG_HS_WKUP_IRQHandler
                0x0000000008000e80                LTDC_ER_IRQHandler
                0x0000000008000e80                CAN2_SCE_IRQHandler
                0x0000000008000e80                DMA2_Stream2_IRQHandler
                0x0000000008000e80                SPI1_IRQHandler
                0x0000000008000e80                TIM6_DAC_IRQHandler
                0x0000000008000e80                TIM1_BRK_TIM9_IRQHandler
                0x0000000008000e80                DCMI_IRQHandler
                0x0000000008000e80                CAN2_RX0_IRQHandler
                0x0000000008000e80                DMA2_Stream3_IRQHandler
                0x0000000008000e80                USART6_IRQHandler
                0x0000000008000e80                USART3_IRQHandler
                0x0000000008000e80                CAN1_RX1_IRQHandler
                0x0000000008000e80                UART5_IRQHandler
                0x0000000008000e80                DMA2_Stream0_IRQHandler
                0x0000000008000e80                TIM4_IRQHandler
                0x0000000008000e80                I2C1_EV_IRQHandler
                0x0000000008000e80                DMA1_Stream6_IRQHandler
                0x0000000008000e80                DMA1_Stream1_IRQHandler
                0x0000000008000e80                UART4_IRQHandler
                0x0000000008000e80                TIM3_IRQHandler
                0x0000000008000e80                RCC_IRQHandler
                0x0000000008000e80                TIM8_BRK_TIM12_IRQHandler
                0x0000000008000e80                Default_Handler
                0x0000000008000e80                EXTI15_10_IRQHandler
                0x0000000008000e80                ADC_IRQHandler
                0x0000000008000e80                DMA1_Stream7_IRQHandler
                0x0000000008000e80                SPI5_IRQHandler
                0x0000000008000e80                CAN2_TX_IRQHandler
                0x0000000008000e80                TIM5_IRQHandler
                0x0000000008000e80                DMA2_Stream7_IRQHandler
                0x0000000008000e80                I2C3_EV_IRQHandler
                0x0000000008000e80                EXTI9_5_IRQHandler
                0x0000000008000e80                RTC_WKUP_IRQHandler
                0x0000000008000e80                LTDC_IRQHandler
                0x0000000008000e80                ETH_WKUP_IRQHandler
                0x0000000008000e80                SPI2_IRQHandler
                0x0000000008000e80                OTG_HS_EP1_IN_IRQHandler
                0x0000000008000e80                DMA1_Stream0_IRQHandler
                0x0000000008000e80                CAN1_TX_IRQHandler
                0x0000000008000e80                EXTI4_IRQHandler
                0x0000000008000e80                ETH_IRQHandler
                0x0000000008000e80                OTG_HS_EP1_OUT_IRQHandler
                0x0000000008000e80                WWDG_IRQHandler
                0x0000000008000e80                SPI6_IRQHandler
                0x0000000008000e80                TIM2_IRQHandler
                0x0000000008000e80                OTG_FS_WKUP_IRQHandler
                0x0000000008000e80                TIM1_TRG_COM_TIM11_IRQHandler
                0x0000000008000e80                OTG_HS_IRQHandler
                0x0000000008000e80                DMA2D_IRQHandler
                0x0000000008000e80                EXTI1_IRQHandler
                0x0000000008000e80                UART7_IRQHandler
                0x0000000008000e80                USART2_IRQHandler
                0x0000000008000e80                I2C2_ER_IRQHandler
                0x0000000008000e80                DMA2_Stream1_IRQHandler
                0x0000000008000e80                CAN1_SCE_IRQHandler
                0x0000000008000e80                FLASH_IRQHandler
                0x0000000008000e80                DMA2_Stream4_IRQHandler
                0x0000000008000e80                USART1_IRQHandler
                0x0000000008000e80                OTG_FS_IRQHandler
                0x0000000008000e80                SPI3_IRQHandler
                0x0000000008000e80                DMA1_Stream4_IRQHandler
                0x0000000008000e80                I2C1_ER_IRQHandler
                0x0000000008000e80                FMC_IRQHandler
                0x0000000008000e80                DMA2_Stream6_IRQHandler
                0x0000000008000e80                SAI1_IRQHandler
                0x0000000008000e80                DMA1_Stream3_IRQHandler
 *fill*         0x0000000008000e82        0x2 
 .text.HAL_Init
                0x0000000008000e84       0x44 Drivers/STM32F4xx_HAL_Driver/Src/stm32f4xx_hal.o
                0x0000000008000e84                HAL_Init
 .text.HAL_IncTick
                0x0000000008000ec8       0x28 Drivers/STM32F4xx_HAL_Driver/Src/stm32f4xx_hal.o
                0x0000000008000ec8                HAL_IncTick
 .text.HAL_GetTick
                0x0000000008000ef0       0x18 Drivers/STM32F4xx_HAL_Driver/Src/stm32f4xx_hal.o
                0x0000000008000ef0                HAL_GetTick
 .text.HAL_Delay
                0x0000000008000f08       0x44 Drivers/STM32F4xx_HAL_Driver/Src/stm32f4xx_hal.o
                0x0000000008000f08                HAL_Delay
 .text.__NVIC_SetPriorityGrouping
                0x0000000008000f4c       0x48 Drivers/STM32F4xx_HAL_Driver/Src/stm32f4xx_hal_cortex.o
 .text.__NVIC_GetPriorityGrouping
                0x0000000008000f94       0x1c Drivers/STM32F4xx_HAL_Driver/Src/stm32f4xx_hal_cortex.o
 .text.__NVIC_EnableIRQ
                0x0000000008000fb0       0x3c Drivers/STM32F4xx_HAL_Driver/Src/stm32f4xx_hal_cortex.o
 .text.__NVIC_SetPriority
                0x0000000008000fec       0x54 Drivers/STM32F4xx_HAL_Driver/Src/stm32f4xx_hal_cortex.o
 .text.NVIC_EncodePriority
                0x0000000008001040       0x66 Drivers/STM32F4xx_HAL_Driver/Src/stm32f4xx_hal_cortex.o
 .text.HAL_NVIC_SetPriorityGrouping
                0x00000000080010a6       0x16 Drivers/STM32F4xx_HAL_Driver/Src/stm32f4xx_hal_cortex.o
                0x00000000080010a6                HAL_NVIC_SetPriorityGrouping
 .text.HAL_NVIC_SetPriority
                0x00000000080010bc       0x38 Drivers/STM32F4xx_HAL_Driver/Src/stm32f4xx_hal_cortex.o
                0x00000000080010bc                HAL_NVIC_SetPriority
 .text.HAL_NVIC_EnableIRQ
                0x00000000080010f4       0x1c Drivers/STM32F4xx_HAL_Driver/Src/stm32f4xx_hal_cortex.o
                0x00000000080010f4                HAL_NVIC_EnableIRQ
 .text.HAL_ETH_Init
                0x0000000008001110      0x33c Drivers/STM32F4xx_HAL_Driver/Src/stm32f4xx_hal_eth.o
                0x0000000008001110                HAL_ETH_Init
 .text.HAL_ETH_ReadPHYRegister
                0x000000000800144c       0xd0 Drivers/STM32F4xx_HAL_Driver/Src/stm32f4xx_hal_eth.o
                0x000000000800144c                HAL_ETH_ReadPHYRegister
 .text.HAL_ETH_WritePHYRegister
                0x000000000800151c       0xcc Drivers/STM32F4xx_HAL_Driver/Src/stm32f4xx_hal_eth.o
                0x000000000800151c                HAL_ETH_WritePHYRegister
 .text.ETH_MACDMAConfig
                0x00000000080015e8      0x394 Drivers/STM32F4xx_HAL_Driver/Src/stm32f4xx_hal_eth.o
 .text.ETH_MACAddressConfig
                0x000000000800197c       0x70 Drivers/STM32F4xx_HAL_Driver/Src/stm32f4xx_hal_eth.o
 .text.HAL_GPIO_Init
                0x00000000080019ec      0x354 Drivers/STM32F4xx_HAL_Driver/Src/stm32f4xx_hal_gpio.o
                0x00000000080019ec                HAL_GPIO_Init
 .text.HAL_I2C_Init
                0x0000000008001d40      0x270 Drivers/STM32F4xx_HAL_Driver/Src/stm32f4xx_hal_i2c.o
                0x0000000008001d40                HAL_I2C_Init
 .text.HAL_I2CEx_ConfigAnalogFilter
                0x0000000008001fb0       0x78 Drivers/STM32F4xx_HAL_Driver/Src/stm32f4xx_hal_i2c_ex.o
                0x0000000008001fb0                HAL_I2CEx_ConfigAnalogFilter
 .text.HAL_I2CEx_ConfigDigitalFilter
                0x0000000008002028       0x7e Drivers/STM32F4xx_HAL_Driver/Src/stm32f4xx_hal_i2c_ex.o
                0x0000000008002028                HAL_I2CEx_ConfigDigitalFilter
 *fill*         0x00000000080020a6        0x2 
 .text.HAL_PWREx_EnableOverDrive
                0x00000000080020a8       0xa0 Drivers/STM32F4xx_HAL_Driver/Src/stm32f4xx_hal_pwr_ex.o
                0x00000000080020a8                HAL_PWREx_EnableOverDrive
 .text.HAL_RCC_OscConfig
                0x0000000008002148      0x4e0 Drivers/STM32F4xx_HAL_Driver/Src/stm32f4xx_hal_rcc.o
                0x0000000008002148                HAL_RCC_OscConfig
 .text.HAL_RCC_ClockConfig
                0x0000000008002628      0x1cc Drivers/STM32F4xx_HAL_Driver/Src/stm32f4xx_hal_rcc.o
                0x0000000008002628                HAL_RCC_ClockConfig
 .text.HAL_RCC_GetSysClockFreq
                0x00000000080027f4      0x1b0 Drivers/STM32F4xx_HAL_Driver/Src/stm32f4xx_hal_rcc.o
                0x00000000080027f4                HAL_RCC_GetSysClockFreq
 .text.HAL_RCC_GetHCLKFreq
                0x00000000080029a4       0x18 Drivers/STM32F4xx_HAL_Driver/Src/stm32f4xx_hal_rcc.o
                0x00000000080029a4                HAL_RCC_GetHCLKFreq
 .text.HAL_RCC_GetPCLK1Freq
                0x00000000080029bc       0x28 Drivers/STM32F4xx_HAL_Driver/Src/stm32f4xx_hal_rcc.o
                0x00000000080029bc                HAL_RCC_GetPCLK1Freq
 .text.HAL_RCC_GetClockConfig
                0x00000000080029e4       0x64 Drivers/STM32F4xx_HAL_Driver/Src/stm32f4xx_hal_rcc.o
                0x00000000080029e4                HAL_RCC_GetClockConfig
 .text.HAL_RCCEx_PeriphCLKConfig
                0x0000000008002a48      0x37c Drivers/STM32F4xx_HAL_Driver/Src/stm32f4xx_hal_rcc_ex.o
                0x0000000008002a48                HAL_RCCEx_PeriphCLKConfig
 .text.HAL_RTC_Init
                0x0000000008002dc4      0x122 Drivers/STM32F4xx_HAL_Driver/Src/stm32f4xx_hal_rtc.o
                0x0000000008002dc4                HAL_RTC_Init
 .text.HAL_RTC_SetTime
                0x0000000008002ee6      0x17a Drivers/STM32F4xx_HAL_Driver/Src/stm32f4xx_hal_rtc.o
                0x0000000008002ee6                HAL_RTC_SetTime
 .text.HAL_RTC_SetDate
                0x0000000008003060      0x14e Drivers/STM32F4xx_HAL_Driver/Src/stm32f4xx_hal_rtc.o
                0x0000000008003060                HAL_RTC_SetDate
 .text.HAL_RTC_WaitForSynchro
                0x00000000080031ae       0x50 Drivers/STM32F4xx_HAL_Driver/Src/stm32f4xx_hal_rtc.o
                0x00000000080031ae                HAL_RTC_WaitForSynchro
 .text.RTC_EnterInitMode
                0x00000000080031fe       0x58 Drivers/STM32F4xx_HAL_Driver/Src/stm32f4xx_hal_rtc.o
                0x00000000080031fe                RTC_EnterInitMode
 .text.RTC_ByteToBcd2
                0x0000000008003256       0x3c Drivers/STM32F4xx_HAL_Driver/Src/stm32f4xx_hal_rtc.o
                0x0000000008003256                RTC_ByteToBcd2
 .text.HAL_SPI_Init
                0x0000000008003292       0xc8 Drivers/STM32F4xx_HAL_Driver/Src/stm32f4xx_hal_spi.o
                0x0000000008003292                HAL_SPI_Init
 .text.HAL_TIM_Base_Init
                0x000000000800335a       0x56 Drivers/STM32F4xx_HAL_Driver/Src/stm32f4xx_hal_tim.o
                0x000000000800335a                HAL_TIM_Base_Init
 .text.HAL_TIM_Base_MspInit
                0x00000000080033b0       0x14 Drivers/STM32F4xx_HAL_Driver/Src/stm32f4xx_hal_tim.o
                0x00000000080033b0                HAL_TIM_Base_MspInit
 .text.HAL_TIM_Base_Start_IT
                0x00000000080033c4       0x48 Drivers/STM32F4xx_HAL_Driver/Src/stm32f4xx_hal_tim.o
                0x00000000080033c4                HAL_TIM_Base_Start_IT
 .text.HAL_TIM_IRQHandler
                0x000000000800340c      0x210 Drivers/STM32F4xx_HAL_Driver/Src/stm32f4xx_hal_tim.o
                0x000000000800340c                HAL_TIM_IRQHandler
 .text.HAL_TIM_OC_DelayElapsedCallback
                0x000000000800361c       0x14 Drivers/STM32F4xx_HAL_Driver/Src/stm32f4xx_hal_tim.o
                0x000000000800361c                HAL_TIM_OC_DelayElapsedCallback
 .text.HAL_TIM_IC_CaptureCallback
                0x0000000008003630       0x14 Drivers/STM32F4xx_HAL_Driver/Src/stm32f4xx_hal_tim.o
                0x0000000008003630                HAL_TIM_IC_CaptureCallback
 .text.HAL_TIM_PWM_PulseFinishedCallback
                0x0000000008003644       0x14 Drivers/STM32F4xx_HAL_Driver/Src/stm32f4xx_hal_tim.o
                0x0000000008003644                HAL_TIM_PWM_PulseFinishedCallback
 .text.HAL_TIM_TriggerCallback
                0x0000000008003658       0x14 Drivers/STM32F4xx_HAL_Driver/Src/stm32f4xx_hal_tim.o
                0x0000000008003658                HAL_TIM_TriggerCallback
 .text.TIM_Base_SetConfig
                0x000000000800366c      0x140 Drivers/STM32F4xx_HAL_Driver/Src/stm32f4xx_hal_tim.o
                0x000000000800366c                TIM_Base_SetConfig
 .text.HAL_TIMEx_CommutCallback
                0x00000000080037ac       0x14 Drivers/STM32F4xx_HAL_Driver/Src/stm32f4xx_hal_tim_ex.o
                0x00000000080037ac                HAL_TIMEx_CommutCallback
 .text.HAL_TIMEx_BreakCallback
                0x00000000080037c0       0x14 Drivers/STM32F4xx_HAL_Driver/Src/stm32f4xx_hal_tim_ex.o
                0x00000000080037c0                HAL_TIMEx_BreakCallback
 .text.SVC_Setup
                0x00000000080037d4        0xe Middlewares/Third_Party/FreeRTOS/Source/CMSIS_RTOS_V2/cmsis_os2.o
 *fill*         0x00000000080037e2        0x2 
 .text.osKernelInitialize
                0x00000000080037e4       0x68 Middlewares/Third_Party/FreeRTOS/Source/CMSIS_RTOS_V2/cmsis_os2.o
                0x00000000080037e4                osKernelInitialize
 .text.osKernelStart
                0x000000000800384c       0x6c Middlewares/Third_Party/FreeRTOS/Source/CMSIS_RTOS_V2/cmsis_os2.o
                0x000000000800384c                osKernelStart
 .text.osThreadNew
                0x00000000080038b8      0x14c Middlewares/Third_Party/FreeRTOS/Source/CMSIS_RTOS_V2/cmsis_os2.o
                0x00000000080038b8                osThreadNew
 .text.osDelay  0x0000000008003a04       0x5c Middlewares/Third_Party/FreeRTOS/Source/CMSIS_RTOS_V2/cmsis_os2.o
                0x0000000008003a04                osDelay
 .text.vApplicationGetIdleTaskMemory
                0x0000000008003a60       0x34 Middlewares/Third_Party/FreeRTOS/Source/CMSIS_RTOS_V2/cmsis_os2.o
                0x0000000008003a60                vApplicationGetIdleTaskMemory
 .text.vApplicationGetTimerTaskMemory
                0x0000000008003a94       0x34 Middlewares/Third_Party/FreeRTOS/Source/CMSIS_RTOS_V2/cmsis_os2.o
                0x0000000008003a94                vApplicationGetTimerTaskMemory
 .text.vListInitialise
                0x0000000008003ac8       0x40 Middlewares/Third_Party/FreeRTOS/Source/list.o
                0x0000000008003ac8                vListInitialise
 .text.vListInitialiseItem
                0x0000000008003b08       0x1a Middlewares/Third_Party/FreeRTOS/Source/list.o
                0x0000000008003b08                vListInitialiseItem
 .text.vListInsertEnd
                0x0000000008003b22       0x48 Middlewares/Third_Party/FreeRTOS/Source/list.o
                0x0000000008003b22                vListInsertEnd
 .text.vListInsert
                0x0000000008003b6a       0x72 Middlewares/Third_Party/FreeRTOS/Source/list.o
                0x0000000008003b6a                vListInsert
 .text.uxListRemove
                0x0000000008003bdc       0x54 Middlewares/Third_Party/FreeRTOS/Source/list.o
                0x0000000008003bdc                uxListRemove
 .text.xQueueGenericReset
                0x0000000008003c30       0xd0 Middlewares/Third_Party/FreeRTOS/Source/queue.o
                0x0000000008003c30                xQueueGenericReset
 .text.xQueueGenericCreateStatic
                0x0000000008003d00       0xe6 Middlewares/Third_Party/FreeRTOS/Source/queue.o
                0x0000000008003d00                xQueueGenericCreateStatic
 .text.prvInitialiseNewQueue
                0x0000000008003de6       0x46 Middlewares/Third_Party/FreeRTOS/Source/queue.o
 .text.xQueueGenericSend
                0x0000000008003e2c      0x1f4 Middlewares/Third_Party/FreeRTOS/Source/queue.o
                0x0000000008003e2c                xQueueGenericSend
 .text.xQueueGenericSendFromISR
                0x0000000008004020      0x128 Middlewares/Third_Party/FreeRTOS/Source/queue.o
                0x0000000008004020                xQueueGenericSendFromISR
 .text.xQueueReceive
                0x0000000008004148      0x1b8 Middlewares/Third_Party/FreeRTOS/Source/queue.o
                0x0000000008004148                xQueueReceive
 .text.prvCopyDataToQueue
                0x0000000008004300       0xd4 Middlewares/Third_Party/FreeRTOS/Source/queue.o
 .text.prvCopyDataFromQueue
                0x00000000080043d4       0x4c Middlewares/Third_Party/FreeRTOS/Source/queue.o
 .text.prvUnlockQueue
                0x0000000008004420       0xa4 Middlewares/Third_Party/FreeRTOS/Source/queue.o
 .text.prvIsQueueEmpty
                0x00000000080044c4       0x2c Middlewares/Third_Party/FreeRTOS/Source/queue.o
 .text.prvIsQueueFull
                0x00000000080044f0       0x30 Middlewares/Third_Party/FreeRTOS/Source/queue.o
 .text.vQueueAddToRegistry
                0x0000000008004520       0x50 Middlewares/Third_Party/FreeRTOS/Source/queue.o
                0x0000000008004520                vQueueAddToRegistry
 .text.vQueueWaitForMessageRestricted
                0x0000000008004570       0x68 Middlewares/Third_Party/FreeRTOS/Source/queue.o
                0x0000000008004570                vQueueWaitForMessageRestricted
 .text.xTaskCreateStatic
                0x00000000080045d8       0xb4 Middlewares/Third_Party/FreeRTOS/Source/tasks.o
                0x00000000080045d8                xTaskCreateStatic
 .text.xTaskCreate
                0x000000000800468c       0x8a Middlewares/Third_Party/FreeRTOS/Source/tasks.o
                0x000000000800468c                xTaskCreate
 .text.prvInitialiseNewTask
                0x0000000008004716      0x11c Middlewares/Third_Party/FreeRTOS/Source/tasks.o
 *fill*         0x0000000008004832        0x2 
 .text.prvAddNewTaskToReadyList
                0x0000000008004834       0xe0 Middlewares/Third_Party/FreeRTOS/Source/tasks.o
 .text.vTaskDelay
                0x0000000008004914       0x68 Middlewares/Third_Party/FreeRTOS/Source/tasks.o
                0x0000000008004914                vTaskDelay
 .text.vTaskStartScheduler
                0x000000000800497c       0xc8 Middlewares/Third_Party/FreeRTOS/Source/tasks.o
                0x000000000800497c                vTaskStartScheduler
 .text.vTaskSuspendAll
                0x0000000008004a44       0x1c Middlewares/Third_Party/FreeRTOS/Source/tasks.o
                0x0000000008004a44                vTaskSuspendAll
 .text.xTaskResumeAll
                0x0000000008004a60      0x138 Middlewares/Third_Party/FreeRTOS/Source/tasks.o
                0x0000000008004a60                xTaskResumeAll
 .text.xTaskGetTickCount
                0x0000000008004b98       0x20 Middlewares/Third_Party/FreeRTOS/Source/tasks.o
                0x0000000008004b98                xTaskGetTickCount
 .text.xTaskIncrementTick
                0x0000000008004bb8      0x170 Middlewares/Third_Party/FreeRTOS/Source/tasks.o
                0x0000000008004bb8                xTaskIncrementTick
 .text.vTaskSwitchContext
                0x0000000008004d28       0xb8 Middlewares/Third_Party/FreeRTOS/Source/tasks.o
                0x0000000008004d28                vTaskSwitchContext
 .text.vTaskPlaceOnEventList
                0x0000000008004de0       0x48 Middlewares/Third_Party/FreeRTOS/Source/tasks.o
                0x0000000008004de0                vTaskPlaceOnEventList
 .text.vTaskPlaceOnEventListRestricted
                0x0000000008004e28       0x54 Middlewares/Third_Party/FreeRTOS/Source/tasks.o
                0x0000000008004e28                vTaskPlaceOnEventListRestricted
 .text.xTaskRemoveFromEventList
                0x0000000008004e7c       0xc4 Middlewares/Third_Party/FreeRTOS/Source/tasks.o
                0x0000000008004e7c                xTaskRemoveFromEventList
 .text.vTaskInternalSetTimeOutState
                0x0000000008004f40       0x2c Middlewares/Third_Party/FreeRTOS/Source/tasks.o
                0x0000000008004f40                vTaskInternalSetTimeOutState
 .text.xTaskCheckForTimeOut
                0x0000000008004f6c       0xc0 Middlewares/Third_Party/FreeRTOS/Source/tasks.o
                0x0000000008004f6c                xTaskCheckForTimeOut
 .text.vTaskMissedYield
                0x000000000800502c       0x18 Middlewares/Third_Party/FreeRTOS/Source/tasks.o
                0x000000000800502c                vTaskMissedYield
 .text.prvIdleTask
                0x0000000008005044       0x30 Middlewares/Third_Party/FreeRTOS/Source/tasks.o
 .text.prvInitialiseTaskLists
                0x0000000008005074       0x80 Middlewares/Third_Party/FreeRTOS/Source/tasks.o
 .text.prvCheckTasksWaitingTermination
                0x00000000080050f4       0x58 Middlewares/Third_Party/FreeRTOS/Source/tasks.o
 .text.prvDeleteTCB
                0x000000000800514c       0x5c Middlewares/Third_Party/FreeRTOS/Source/tasks.o
 .text.prvResetNextTaskUnblockTime
                0x00000000080051a8       0x40 Middlewares/Third_Party/FreeRTOS/Source/tasks.o
 .text.xTaskGetSchedulerState
                0x00000000080051e8       0x3c Middlewares/Third_Party/FreeRTOS/Source/tasks.o
                0x00000000080051e8                xTaskGetSchedulerState
 .text.xTaskPriorityDisinherit
                0x0000000008005224       0xd8 Middlewares/Third_Party/FreeRTOS/Source/tasks.o
                0x0000000008005224                xTaskPriorityDisinherit
 .text.prvAddCurrentTaskToDelayedList
                0x00000000080052fc       0xa8 Middlewares/Third_Party/FreeRTOS/Source/tasks.o
 .text.xTimerCreateTimerTask
                0x00000000080053a4       0x90 Middlewares/Third_Party/FreeRTOS/Source/timers.o
                0x00000000080053a4                xTimerCreateTimerTask
 .text.xTimerGenericCommand
                0x0000000008005434       0x98 Middlewares/Third_Party/FreeRTOS/Source/timers.o
                0x0000000008005434                xTimerGenericCommand
 .text.prvProcessExpiredTimer
                0x00000000080054cc       0x98 Middlewares/Third_Party/FreeRTOS/Source/timers.o
 .text.prvTimerTask
                0x0000000008005564       0x24 Middlewares/Third_Party/FreeRTOS/Source/timers.o
 .text.prvProcessTimerOrBlockTask
                0x0000000008005588       0x9c Middlewares/Third_Party/FreeRTOS/Source/timers.o
 .text.prvGetNextExpireTime
                0x0000000008005624       0x48 Middlewares/Third_Party/FreeRTOS/Source/timers.o
 .text.prvSampleTimeNow
                0x000000000800566c       0x40 Middlewares/Third_Party/FreeRTOS/Source/timers.o
 .text.prvInsertTimerInActiveList
                0x00000000080056ac       0x84 Middlewares/Third_Party/FreeRTOS/Source/timers.o
 .text.prvProcessReceivedCommands
                0x0000000008005730      0x1b8 Middlewares/Third_Party/FreeRTOS/Source/timers.o
 .text.prvSwitchTimerLists
                0x00000000080058e8       0xc8 Middlewares/Third_Party/FreeRTOS/Source/timers.o
 .text.prvCheckForValidListAndQueue
                0x00000000080059b0       0x80 Middlewares/Third_Party/FreeRTOS/Source/timers.o
 .text.pxPortInitialiseStack
                0x0000000008005a30       0x68 Middlewares/Third_Party/FreeRTOS/Source/portable/GCC/ARM_CM4F/port.o
                0x0000000008005a30                pxPortInitialiseStack
 .text.prvTaskExitError
                0x0000000008005a98       0x54 Middlewares/Third_Party/FreeRTOS/Source/portable/GCC/ARM_CM4F/port.o
 *fill*         0x0000000008005aec        0x4 
 .text.SVC_Handler
                0x0000000008005af0       0x28 Middlewares/Third_Party/FreeRTOS/Source/portable/GCC/ARM_CM4F/port.o
                0x0000000008005af0                SVC_Handler
 .text.prvPortStartFirstTask
                0x0000000008005b18       0x28 Middlewares/Third_Party/FreeRTOS/Source/portable/GCC/ARM_CM4F/port.o
 .text.xPortStartScheduler
                0x0000000008005b40      0x13c Middlewares/Third_Party/FreeRTOS/Source/portable/GCC/ARM_CM4F/port.o
                0x0000000008005b40                xPortStartScheduler
 .text.vPortEnterCritical
                0x0000000008005c7c       0x5c Middlewares/Third_Party/FreeRTOS/Source/portable/GCC/ARM_CM4F/port.o
                0x0000000008005c7c                vPortEnterCritical
 .text.vPortExitCritical
                0x0000000008005cd8       0x50 Middlewares/Third_Party/FreeRTOS/Source/portable/GCC/ARM_CM4F/port.o
                0x0000000008005cd8                vPortExitCritical
 *fill*         0x0000000008005d28        0x8 
 .text.PendSV_Handler
                0x0000000008005d30       0x68 Middlewares/Third_Party/FreeRTOS/Source/portable/GCC/ARM_CM4F/port.o
                0x0000000008005d30                PendSV_Handler
 .text.SysTick_Handler
                0x0000000008005d98       0x40 Middlewares/Third_Party/FreeRTOS/Source/portable/GCC/ARM_CM4F/port.o
                0x0000000008005d98                SysTick_Handler
 .text.vPortSetupTimerInterrupt
                0x0000000008005dd8       0x48 Middlewares/Third_Party/FreeRTOS/Source/portable/GCC/ARM_CM4F/port.o
                0x0000000008005dd8                vPortSetupTimerInterrupt
 .text.vPortEnableVFP
                0x0000000008005e20       0x14 Middlewares/Third_Party/FreeRTOS/Source/portable/GCC/ARM_CM4F/port.o
 .text.vPortValidateInterruptPriority
                0x0000000008005e34       0x7c Middlewares/Third_Party/FreeRTOS/Source/portable/GCC/ARM_CM4F/port.o
                0x0000000008005e34                vPortValidateInterruptPriority
 .text.pvPortMalloc
                0x0000000008005eb0      0x184 Middlewares/Third_Party/FreeRTOS/Source/portable/MemMang/heap_4.o
                0x0000000008005eb0                pvPortMalloc
 .text.vPortFree
                0x0000000008006034       0xb0 Middlewares/Third_Party/FreeRTOS/Source/portable/MemMang/heap_4.o
                0x0000000008006034                vPortFree
 .text.prvHeapInit
                0x00000000080060e4       0xc4 Middlewares/Third_Party/FreeRTOS/Source/portable/MemMang/heap_4.o
 .text.prvInsertBlockIntoFreeList
                0x00000000080061a8       0xb4 Middlewares/Third_Party/FreeRTOS/Source/portable/MemMang/heap_4.o
 .text.__libc_init_array
                0x000000000800625c       0x48 /opt/st/stm32cubeide_1.3.0/plugins/com.st.stm32cube.ide.mcu.externaltools.gnu-tools-for-stm32.7-2018-q2-update.linux64_1.0.0.201904181610/tools/bin/../lib/gcc/arm-none-eabi/7.3.1/../../../../arm-none-eabi/lib/thumb/v7e-m/fpv4-sp/hard/libc_nano.a(lib_a-init.o)
                0x000000000800625c                __libc_init_array
 .text.memcpy   0x00000000080062a4       0x16 /opt/st/stm32cubeide_1.3.0/plugins/com.st.stm32cube.ide.mcu.externaltools.gnu-tools-for-stm32.7-2018-q2-update.linux64_1.0.0.201904181610/tools/bin/../lib/gcc/arm-none-eabi/7.3.1/../../../../arm-none-eabi/lib/thumb/v7e-m/fpv4-sp/hard/libc_nano.a(lib_a-memcpy-stub.o)
                0x00000000080062a4                memcpy
 .text.memset   0x00000000080062ba       0x10 /opt/st/stm32cubeide_1.3.0/plugins/com.st.stm32cube.ide.mcu.externaltools.gnu-tools-for-stm32.7-2018-q2-update.linux64_1.0.0.201904181610/tools/bin/../lib/gcc/arm-none-eabi/7.3.1/../../../../arm-none-eabi/lib/thumb/v7e-m/fpv4-sp/hard/libc_nano.a(lib_a-memset.o)
                0x00000000080062ba                memset
 *(.glue_7)
 .glue_7        0x00000000080062ca        0x0 linker stubs
 *(.glue_7t)
 .glue_7t       0x00000000080062ca        0x0 linker stubs
 *(.eh_frame)
 *fill*         0x00000000080062ca        0x2 
 .eh_frame      0x00000000080062cc        0x0 /opt/st/stm32cubeide_1.3.0/plugins/com.st.stm32cube.ide.mcu.externaltools.gnu-tools-for-stm32.7-2018-q2-update.linux64_1.0.0.201904181610/tools/bin/../lib/gcc/arm-none-eabi/7.3.1/thumb/v7e-m/fpv4-sp/hard/crtbegin.o
 *(.init)
 .init          0x00000000080062cc        0x4 /opt/st/stm32cubeide_1.3.0/plugins/com.st.stm32cube.ide.mcu.externaltools.gnu-tools-for-stm32.7-2018-q2-update.linux64_1.0.0.201904181610/tools/bin/../lib/gcc/arm-none-eabi/7.3.1/thumb/v7e-m/fpv4-sp/hard/crti.o
                0x00000000080062cc                _init
 .init          0x00000000080062d0        0x8 /opt/st/stm32cubeide_1.3.0/plugins/com.st.stm32cube.ide.mcu.externaltools.gnu-tools-for-stm32.7-2018-q2-update.linux64_1.0.0.201904181610/tools/bin/../lib/gcc/arm-none-eabi/7.3.1/thumb/v7e-m/fpv4-sp/hard/crtn.o
 *(.fini)
 .fini          0x00000000080062d8        0x4 /opt/st/stm32cubeide_1.3.0/plugins/com.st.stm32cube.ide.mcu.externaltools.gnu-tools-for-stm32.7-2018-q2-update.linux64_1.0.0.201904181610/tools/bin/../lib/gcc/arm-none-eabi/7.3.1/thumb/v7e-m/fpv4-sp/hard/crti.o
                0x00000000080062d8                _fini
 .fini          0x00000000080062dc        0x8 /opt/st/stm32cubeide_1.3.0/plugins/com.st.stm32cube.ide.mcu.externaltools.gnu-tools-for-stm32.7-2018-q2-update.linux64_1.0.0.201904181610/tools/bin/../lib/gcc/arm-none-eabi/7.3.1/thumb/v7e-m/fpv4-sp/hard/crtn.o
                0x00000000080062e4                . = ALIGN (0x4)
                0x00000000080062e4                _etext = .

.vfp11_veneer   0x00000000080062e4        0x0
 .vfp11_veneer  0x00000000080062e4        0x0 linker stubs

.v4_bx          0x00000000080062e4        0x0
 .v4_bx         0x00000000080062e4        0x0 linker stubs

.iplt           0x00000000080062e4        0x0
 .iplt          0x00000000080062e4        0x0 /opt/st/stm32cubeide_1.3.0/plugins/com.st.stm32cube.ide.mcu.externaltools.gnu-tools-for-stm32.7-2018-q2-update.linux64_1.0.0.201904181610/tools/bin/../lib/gcc/arm-none-eabi/7.3.1/thumb/v7e-m/fpv4-sp/hard/crtbegin.o

.rodata         0x00000000080062e4       0x90
                0x00000000080062e4                . = ALIGN (0x4)
 *(.rodata)
 .rodata        0x00000000080062e4       0x15 Core/Src/freertos.o
 *fill*         0x00000000080062f9        0x3 
 .rodata        0x00000000080062fc        0x5 Middlewares/Third_Party/FreeRTOS/Source/tasks.o
 *fill*         0x0000000008006301        0x3 
 .rodata        0x0000000008006304        0xd Middlewares/Third_Party/FreeRTOS/Source/timers.o
 *(.rodata*)
 *fill*         0x0000000008006311        0x3 
 .rodata.defaultTask_attributes
                0x0000000008006314       0x24 Core/Src/freertos.o
                0x0000000008006314                defaultTask_attributes
 .rodata.myTask02_attributes
                0x0000000008006338       0x24 Core/Src/freertos.o
                0x0000000008006338                myTask02_attributes
 .rodata.AHBPrescTable
                0x000000000800635c       0x10 Core/Src/system_stm32f4xx.o
                0x000000000800635c                AHBPrescTable
 .rodata.APBPrescTable
                0x000000000800636c        0x8 Core/Src/system_stm32f4xx.o
                0x000000000800636c                APBPrescTable
                0x0000000008006374                . = ALIGN (0x4)

.ARM.extab      0x0000000008006374        0x0
                0x0000000008006374                . = ALIGN (0x4)
 *(.ARM.extab* .gnu.linkonce.armextab.*)
                0x0000000008006374                . = ALIGN (0x4)

.ARM            0x0000000008006374        0x8
                0x0000000008006374                . = ALIGN (0x4)
                0x0000000008006374                __exidx_start = .
 *(.ARM.exidx*)
 .ARM.exidx     0x0000000008006374        0x8 /opt/st/stm32cubeide_1.3.0/plugins/com.st.stm32cube.ide.mcu.externaltools.gnu-tools-for-stm32.7-2018-q2-update.linux64_1.0.0.201904181610/tools/bin/../lib/gcc/arm-none-eabi/7.3.1/thumb/v7e-m/fpv4-sp/hard/libgcc.a(_udivmoddi4.o)
                0x000000000800637c                __exidx_end = .
                0x000000000800637c                . = ALIGN (0x4)

.rel.dyn        0x000000000800637c        0x0
 .rel.iplt      0x000000000800637c        0x0 /opt/st/stm32cubeide_1.3.0/plugins/com.st.stm32cube.ide.mcu.externaltools.gnu-tools-for-stm32.7-2018-q2-update.linux64_1.0.0.201904181610/tools/bin/../lib/gcc/arm-none-eabi/7.3.1/thumb/v7e-m/fpv4-sp/hard/crtbegin.o

.preinit_array  0x000000000800637c        0x0
                0x000000000800637c                . = ALIGN (0x4)
                0x000000000800637c                PROVIDE (__preinit_array_start = .)
 *(.preinit_array*)
                0x000000000800637c                PROVIDE (__preinit_array_end = .)
                0x000000000800637c                . = ALIGN (0x4)

.init_array     0x000000000800637c        0x4
                0x000000000800637c                . = ALIGN (0x4)
                0x000000000800637c                PROVIDE (__init_array_start = .)
 *(SORT_BY_NAME(.init_array.*))
 *(.init_array*)
 .init_array    0x000000000800637c        0x4 /opt/st/stm32cubeide_1.3.0/plugins/com.st.stm32cube.ide.mcu.externaltools.gnu-tools-for-stm32.7-2018-q2-update.linux64_1.0.0.201904181610/tools/bin/../lib/gcc/arm-none-eabi/7.3.1/thumb/v7e-m/fpv4-sp/hard/crtbegin.o
                0x0000000008006380                PROVIDE (__init_array_end = .)
                0x0000000008006380                . = ALIGN (0x4)

.fini_array     0x0000000008006380        0x4
                0x0000000008006380                . = ALIGN (0x4)
                [!provide]                        PROVIDE (__fini_array_start = .)
 *(SORT_BY_NAME(.fini_array.*))
 *(.fini_array*)
 .fini_array    0x0000000008006380        0x4 /opt/st/stm32cubeide_1.3.0/plugins/com.st.stm32cube.ide.mcu.externaltools.gnu-tools-for-stm32.7-2018-q2-update.linux64_1.0.0.201904181610/tools/bin/../lib/gcc/arm-none-eabi/7.3.1/thumb/v7e-m/fpv4-sp/hard/crtbegin.o
                [!provide]                        PROVIDE (__fini_array_end = .)
                0x0000000008006384                . = ALIGN (0x4)
                0x0000000008006384                _sidata = LOADADDR (.data)

.data           0x0000000020000000       0x10 load address 0x0000000008006384
                0x0000000020000000                . = ALIGN (0x4)
                0x0000000020000000                _sdata = .
 *(.data)
 *(.data*)
 .data.SystemCoreClock
                0x0000000020000000        0x4 Core/Src/system_stm32f4xx.o
                0x0000000020000000                SystemCoreClock
 .data.uwTickPrio
                0x0000000020000004        0x4 Drivers/STM32F4xx_HAL_Driver/Src/stm32f4xx_hal.o
                0x0000000020000004                uwTickPrio
 .data.uwTickFreq
                0x0000000020000008        0x1 Drivers/STM32F4xx_HAL_Driver/Src/stm32f4xx_hal.o
                0x0000000020000008                uwTickFreq
 *fill*         0x0000000020000009        0x3 
 .data.uxCriticalNesting
                0x000000002000000c        0x4 Middlewares/Third_Party/FreeRTOS/Source/portable/GCC/ARM_CM4F/port.o
                0x0000000020000010                . = ALIGN (0x4)
                0x0000000020000010                _edata = .

.igot.plt       0x0000000020000010        0x0 load address 0x0000000008006394
 .igot.plt      0x0000000020000010        0x0 /opt/st/stm32cubeide_1.3.0/plugins/com.st.stm32cube.ide.mcu.externaltools.gnu-tools-for-stm32.7-2018-q2-update.linux64_1.0.0.201904181610/tools/bin/../lib/gcc/arm-none-eabi/7.3.1/thumb/v7e-m/fpv4-sp/hard/crtbegin.o
                0x0000000020000010                . = ALIGN (0x4)

.bss            0x0000000020000010     0x4ac4 load address 0x0000000008006394
                0x0000000020000010                _sbss = .
                0x0000000020000010                __bss_start__ = _sbss
 *(.bss)
 .bss           0x0000000020000010       0x1c /opt/st/stm32cubeide_1.3.0/plugins/com.st.stm32cube.ide.mcu.externaltools.gnu-tools-for-stm32.7-2018-q2-update.linux64_1.0.0.201904181610/tools/bin/../lib/gcc/arm-none-eabi/7.3.1/thumb/v7e-m/fpv4-sp/hard/crtbegin.o
 *(.bss*)
 .bss.KernelState
                0x000000002000002c        0x4 Middlewares/Third_Party/FreeRTOS/Source/CMSIS_RTOS_V2/cmsis_os2.o
 .bss.Idle_TCB  0x0000000020000030       0x5c Middlewares/Third_Party/FreeRTOS/Source/CMSIS_RTOS_V2/cmsis_os2.o
 .bss.Idle_Stack
                0x000000002000008c      0x200 Middlewares/Third_Party/FreeRTOS/Source/CMSIS_RTOS_V2/cmsis_os2.o
 .bss.Timer_TCB
                0x000000002000028c       0x5c Middlewares/Third_Party/FreeRTOS/Source/CMSIS_RTOS_V2/cmsis_os2.o
 .bss.Timer_Stack
                0x00000000200002e8      0x400 Middlewares/Third_Party/FreeRTOS/Source/CMSIS_RTOS_V2/cmsis_os2.o
 .bss.pxCurrentTCB
                0x00000000200006e8        0x4 Middlewares/Third_Party/FreeRTOS/Source/tasks.o
                0x00000000200006e8                pxCurrentTCB
 .bss.pxReadyTasksLists
                0x00000000200006ec      0x460 Middlewares/Third_Party/FreeRTOS/Source/tasks.o
 .bss.xDelayedTaskList1
                0x0000000020000b4c       0x14 Middlewares/Third_Party/FreeRTOS/Source/tasks.o
 .bss.xDelayedTaskList2
                0x0000000020000b60       0x14 Middlewares/Third_Party/FreeRTOS/Source/tasks.o
 .bss.pxDelayedTaskList
                0x0000000020000b74        0x4 Middlewares/Third_Party/FreeRTOS/Source/tasks.o
 .bss.pxOverflowDelayedTaskList
                0x0000000020000b78        0x4 Middlewares/Third_Party/FreeRTOS/Source/tasks.o
 .bss.xPendingReadyList
                0x0000000020000b7c       0x14 Middlewares/Third_Party/FreeRTOS/Source/tasks.o
 .bss.xTasksWaitingTermination
                0x0000000020000b90       0x14 Middlewares/Third_Party/FreeRTOS/Source/tasks.o
 .bss.uxDeletedTasksWaitingCleanUp
                0x0000000020000ba4        0x4 Middlewares/Third_Party/FreeRTOS/Source/tasks.o
 .bss.xSuspendedTaskList
                0x0000000020000ba8       0x14 Middlewares/Third_Party/FreeRTOS/Source/tasks.o
 .bss.uxCurrentNumberOfTasks
                0x0000000020000bbc        0x4 Middlewares/Third_Party/FreeRTOS/Source/tasks.o
 .bss.xTickCount
                0x0000000020000bc0        0x4 Middlewares/Third_Party/FreeRTOS/Source/tasks.o
 .bss.uxTopReadyPriority
                0x0000000020000bc4        0x4 Middlewares/Third_Party/FreeRTOS/Source/tasks.o
 .bss.xSchedulerRunning
                0x0000000020000bc8        0x4 Middlewares/Third_Party/FreeRTOS/Source/tasks.o
 .bss.uxPendedTicks
                0x0000000020000bcc        0x4 Middlewares/Third_Party/FreeRTOS/Source/tasks.o
 .bss.xYieldPending
                0x0000000020000bd0        0x4 Middlewares/Third_Party/FreeRTOS/Source/tasks.o
 .bss.xNumOfOverflows
                0x0000000020000bd4        0x4 Middlewares/Third_Party/FreeRTOS/Source/tasks.o
 .bss.uxTaskNumber
                0x0000000020000bd8        0x4 Middlewares/Third_Party/FreeRTOS/Source/tasks.o
 .bss.xNextTaskUnblockTime
                0x0000000020000bdc        0x4 Middlewares/Third_Party/FreeRTOS/Source/tasks.o
 .bss.xIdleTaskHandle
                0x0000000020000be0        0x4 Middlewares/Third_Party/FreeRTOS/Source/tasks.o
 .bss.uxSchedulerSuspended
                0x0000000020000be4        0x4 Middlewares/Third_Party/FreeRTOS/Source/tasks.o
 .bss.xActiveTimerList1
                0x0000000020000be8       0x14 Middlewares/Third_Party/FreeRTOS/Source/timers.o
 .bss.xActiveTimerList2
                0x0000000020000bfc       0x14 Middlewares/Third_Party/FreeRTOS/Source/timers.o
 .bss.pxCurrentTimerList
                0x0000000020000c10        0x4 Middlewares/Third_Party/FreeRTOS/Source/timers.o
 .bss.pxOverflowTimerList
                0x0000000020000c14        0x4 Middlewares/Third_Party/FreeRTOS/Source/timers.o
 .bss.xTimerQueue
                0x0000000020000c18        0x4 Middlewares/Third_Party/FreeRTOS/Source/timers.o
 .bss.xTimerTaskHandle
                0x0000000020000c1c        0x4 Middlewares/Third_Party/FreeRTOS/Source/timers.o
 .bss.xLastTime.6741
                0x0000000020000c20        0x4 Middlewares/Third_Party/FreeRTOS/Source/timers.o
 .bss.ucStaticTimerQueueStorage.6792
                0x0000000020000c24       0xa0 Middlewares/Third_Party/FreeRTOS/Source/timers.o
 .bss.xStaticTimerQueue.6791
                0x0000000020000cc4       0x50 Middlewares/Third_Party/FreeRTOS/Source/timers.o
 .bss.ucMaxSysCallPriority
                0x0000000020000d14        0x1 Middlewares/Third_Party/FreeRTOS/Source/portable/GCC/ARM_CM4F/port.o
 *fill*         0x0000000020000d15        0x3 
 .bss.ulMaxPRIGROUPValue
                0x0000000020000d18        0x4 Middlewares/Third_Party/FreeRTOS/Source/portable/GCC/ARM_CM4F/port.o
 .bss.ucHeap    0x0000000020000d1c     0x3c00 Middlewares/Third_Party/FreeRTOS/Source/portable/MemMang/heap_4.o
 .bss.xStart    0x000000002000491c        0x8 Middlewares/Third_Party/FreeRTOS/Source/portable/MemMang/heap_4.o
 .bss.pxEnd     0x0000000020004924        0x4 Middlewares/Third_Party/FreeRTOS/Source/portable/MemMang/heap_4.o
 .bss.xFreeBytesRemaining
                0x0000000020004928        0x4 Middlewares/Third_Party/FreeRTOS/Source/portable/MemMang/heap_4.o
 .bss.xMinimumEverFreeBytesRemaining
                0x000000002000492c        0x4 Middlewares/Third_Party/FreeRTOS/Source/portable/MemMang/heap_4.o
 .bss.xBlockAllocatedBit
                0x0000000020004930        0x4 Middlewares/Third_Party/FreeRTOS/Source/portable/MemMang/heap_4.o
 *(COMMON)
 COMMON         0x0000000020004934       0x48 Core/Src/eth.o
                0x0000000020004934                heth
 COMMON         0x000000002000497c        0x8 Core/Src/freertos.o
                0x000000002000497c                defaultTaskHandle
                0x0000000020004980                myTask02Handle
 COMMON         0x0000000020004984       0x54 Core/Src/i2c.o
                0x0000000020004984                hi2c1
 COMMON         0x00000000200049d8       0x20 Core/Src/rtc.o
                0x00000000200049d8                hrtc
 COMMON         0x00000000200049f8       0x58 Core/Src/spi.o
                0x00000000200049f8                hspi1
 COMMON         0x0000000020004a50       0x40 Core/Src/stm32f4xx_hal_timebase_tim.o
                0x0000000020004a50                htim7
 COMMON         0x0000000020004a90        0x4 Drivers/STM32F4xx_HAL_Driver/Src/stm32f4xx_hal.o
                0x0000000020004a90                uwTick
 COMMON         0x0000000020004a94       0x40 Middlewares/Third_Party/FreeRTOS/Source/queue.o
                0x0000000020004a94                xQueueRegistry
                0x0000000020004ad4                . = ALIGN (0x4)
                0x0000000020004ad4                _ebss = .
                0x0000000020004ad4                __bss_end__ = _ebss

._user_heap_stack
                0x0000000020004ad4      0x604 load address 0x0000000008006394
                0x0000000020004ad8                . = ALIGN (0x8)
 *fill*         0x0000000020004ad4        0x4 
                0x0000000020004ad8                PROVIDE (end = .)
                [!provide]                        PROVIDE (_end = .)
                0x0000000020004cd8                . = (. + _Min_Heap_Size)
 *fill*         0x0000000020004ad8      0x200 
                0x00000000200050d8                . = (. + _Min_Stack_Size)
 *fill*         0x0000000020004cd8      0x400 
                0x00000000200050d8                . = ALIGN (0x8)

/DISCARD/
 libc.a(*)
 libm.a(*)
 libgcc.a(*)

.ARM.attributes
                0x0000000000000000       0x30
 *(.ARM.attributes)
 .ARM.attributes
                0x0000000000000000       0x22 /opt/st/stm32cubeide_1.3.0/plugins/com.st.stm32cube.ide.mcu.externaltools.gnu-tools-for-stm32.7-2018-q2-update.linux64_1.0.0.201904181610/tools/bin/../lib/gcc/arm-none-eabi/7.3.1/thumb/v7e-m/fpv4-sp/hard/crti.o
 .ARM.attributes
                0x0000000000000022       0x34 /opt/st/stm32cubeide_1.3.0/plugins/com.st.stm32cube.ide.mcu.externaltools.gnu-tools-for-stm32.7-2018-q2-update.linux64_1.0.0.201904181610/tools/bin/../lib/gcc/arm-none-eabi/7.3.1/thumb/v7e-m/fpv4-sp/hard/crtbegin.o
 .ARM.attributes
                0x0000000000000056       0x39 Core/Src/eth.o
 .ARM.attributes
                0x000000000000008f       0x39 Core/Src/freertos.o
 .ARM.attributes
                0x00000000000000c8       0x39 Core/Src/gpio.o
 .ARM.attributes
                0x0000000000000101       0x39 Core/Src/i2c.o
 .ARM.attributes
                0x000000000000013a       0x39 Core/Src/main.o
 .ARM.attributes
                0x0000000000000173       0x39 Core/Src/rtc.o
 .ARM.attributes
                0x00000000000001ac       0x39 Core/Src/spi.o
 .ARM.attributes
                0x00000000000001e5       0x39 Core/Src/stm32f4xx_hal_msp.o
 .ARM.attributes
                0x000000000000021e       0x39 Core/Src/stm32f4xx_hal_timebase_tim.o
 .ARM.attributes
                0x0000000000000257       0x39 Core/Src/stm32f4xx_it.o
 .ARM.attributes
                0x0000000000000290       0x39 Core/Src/system_stm32f4xx.o
 .ARM.attributes
                0x00000000000002c9       0x21 Core/Startup/startup_stm32f429zitx.o
 .ARM.attributes
                0x00000000000002ea       0x39 Drivers/STM32F4xx_HAL_Driver/Src/stm32f4xx_hal.o
 .ARM.attributes
                0x0000000000000323       0x39 Drivers/STM32F4xx_HAL_Driver/Src/stm32f4xx_hal_cortex.o
 .ARM.attributes
                0x000000000000035c       0x39 Drivers/STM32F4xx_HAL_Driver/Src/stm32f4xx_hal_eth.o
 .ARM.attributes
                0x0000000000000395       0x39 Drivers/STM32F4xx_HAL_Driver/Src/stm32f4xx_hal_gpio.o
 .ARM.attributes
                0x00000000000003ce       0x39 Drivers/STM32F4xx_HAL_Driver/Src/stm32f4xx_hal_i2c.o
 .ARM.attributes
                0x0000000000000407       0x39 Drivers/STM32F4xx_HAL_Driver/Src/stm32f4xx_hal_i2c_ex.o
 .ARM.attributes
                0x0000000000000440       0x39 Drivers/STM32F4xx_HAL_Driver/Src/stm32f4xx_hal_pwr_ex.o
 .ARM.attributes
                0x0000000000000479       0x39 Drivers/STM32F4xx_HAL_Driver/Src/stm32f4xx_hal_rcc.o
 .ARM.attributes
                0x00000000000004b2       0x39 Drivers/STM32F4xx_HAL_Driver/Src/stm32f4xx_hal_rcc_ex.o
 .ARM.attributes
                0x00000000000004eb       0x39 Drivers/STM32F4xx_HAL_Driver/Src/stm32f4xx_hal_rtc.o
 .ARM.attributes
                0x0000000000000524       0x39 Drivers/STM32F4xx_HAL_Driver/Src/stm32f4xx_hal_spi.o
 .ARM.attributes
                0x000000000000055d       0x39 Drivers/STM32F4xx_HAL_Driver/Src/stm32f4xx_hal_tim.o
 .ARM.attributes
                0x0000000000000596       0x39 Drivers/STM32F4xx_HAL_Driver/Src/stm32f4xx_hal_tim_ex.o
 .ARM.attributes
                0x00000000000005cf       0x39 Middlewares/Third_Party/FreeRTOS/Source/CMSIS_RTOS_V2/cmsis_os2.o
 .ARM.attributes
                0x0000000000000608       0x39 Middlewares/Third_Party/FreeRTOS/Source/list.o
 .ARM.attributes
                0x0000000000000641       0x39 Middlewares/Third_Party/FreeRTOS/Source/queue.o
 .ARM.attributes
                0x000000000000067a       0x39 Middlewares/Third_Party/FreeRTOS/Source/tasks.o
 .ARM.attributes
                0x00000000000006b3       0x39 Middlewares/Third_Party/FreeRTOS/Source/timers.o
 .ARM.attributes
                0x00000000000006ec       0x39 Middlewares/Third_Party/FreeRTOS/Source/portable/GCC/ARM_CM4F/port.o
 .ARM.attributes
                0x0000000000000725       0x39 Middlewares/Third_Party/FreeRTOS/Source/portable/MemMang/heap_4.o
 .ARM.attributes
                0x000000000000075e       0x34 /opt/st/stm32cubeide_1.3.0/plugins/com.st.stm32cube.ide.mcu.externaltools.gnu-tools-for-stm32.7-2018-q2-update.linux64_1.0.0.201904181610/tools/bin/../lib/gcc/arm-none-eabi/7.3.1/../../../../arm-none-eabi/lib/thumb/v7e-m/fpv4-sp/hard/libc_nano.a(lib_a-init.o)
 .ARM.attributes
                0x0000000000000792       0x34 /opt/st/stm32cubeide_1.3.0/plugins/com.st.stm32cube.ide.mcu.externaltools.gnu-tools-for-stm32.7-2018-q2-update.linux64_1.0.0.201904181610/tools/bin/../lib/gcc/arm-none-eabi/7.3.1/../../../../arm-none-eabi/lib/thumb/v7e-m/fpv4-sp/hard/libc_nano.a(lib_a-memcpy-stub.o)
 .ARM.attributes
                0x00000000000007c6       0x34 /opt/st/stm32cubeide_1.3.0/plugins/com.st.stm32cube.ide.mcu.externaltools.gnu-tools-for-stm32.7-2018-q2-update.linux64_1.0.0.201904181610/tools/bin/../lib/gcc/arm-none-eabi/7.3.1/../../../../arm-none-eabi/lib/thumb/v7e-m/fpv4-sp/hard/libc_nano.a(lib_a-memset.o)
 .ARM.attributes
                0x00000000000007fa       0x22 /opt/st/stm32cubeide_1.3.0/plugins/com.st.stm32cube.ide.mcu.externaltools.gnu-tools-for-stm32.7-2018-q2-update.linux64_1.0.0.201904181610/tools/bin/../lib/gcc/arm-none-eabi/7.3.1/thumb/v7e-m/fpv4-sp/hard/libgcc.a(_aeabi_uldivmod.o)
 .ARM.attributes
                0x000000000000081c       0x34 /opt/st/stm32cubeide_1.3.0/plugins/com.st.stm32cube.ide.mcu.externaltools.gnu-tools-for-stm32.7-2018-q2-update.linux64_1.0.0.201904181610/tools/bin/../lib/gcc/arm-none-eabi/7.3.1/thumb/v7e-m/fpv4-sp/hard/libgcc.a(_udivmoddi4.o)
 .ARM.attributes
                0x0000000000000850       0x22 /opt/st/stm32cubeide_1.3.0/plugins/com.st.stm32cube.ide.mcu.externaltools.gnu-tools-for-stm32.7-2018-q2-update.linux64_1.0.0.201904181610/tools/bin/../lib/gcc/arm-none-eabi/7.3.1/thumb/v7e-m/fpv4-sp/hard/libgcc.a(_dvmd_tls.o)
 .ARM.attributes
                0x0000000000000872       0x22 /opt/st/stm32cubeide_1.3.0/plugins/com.st.stm32cube.ide.mcu.externaltools.gnu-tools-for-stm32.7-2018-q2-update.linux64_1.0.0.201904181610/tools/bin/../lib/gcc/arm-none-eabi/7.3.1/thumb/v7e-m/fpv4-sp/hard/crtn.o
OUTPUT(pr429ZIT.elf elf32-littlearm)

.debug_info     0x0000000000000000    0x1f891
 .debug_info    0x0000000000000000      0xc26 Core/Src/eth.o
 .debug_info    0x0000000000000c26      0x417 Core/Src/freertos.o
 .debug_info    0x000000000000103d      0x3d0 Core/Src/gpio.o
 .debug_info    0x000000000000140d      0xa00 Core/Src/i2c.o
 .debug_info    0x0000000000001e0d     0x19a8 Core/Src/main.o
 .debug_info    0x00000000000037b5      0x61f Core/Src/rtc.o
 .debug_info    0x0000000000003dd4      0x9ed Core/Src/spi.o
 .debug_info    0x00000000000047c1      0x5d6 Core/Src/stm32f4xx_hal_msp.o
 .debug_info    0x0000000000004d97      0xb7d Core/Src/stm32f4xx_hal_timebase_tim.o
 .debug_info    0x0000000000005914      0x6bf Core/Src/stm32f4xx_it.o
 .debug_info    0x0000000000005fd3      0x56e Core/Src/system_stm32f4xx.o
 .debug_info    0x0000000000006541       0x22 Core/Startup/startup_stm32f429zitx.o
 .debug_info    0x0000000000006563      0x9b9 Drivers/STM32F4xx_HAL_Driver/Src/stm32f4xx_hal.o
 .debug_info    0x0000000000006f1c      0xe5e Drivers/STM32F4xx_HAL_Driver/Src/stm32f4xx_hal_cortex.o
 .debug_info    0x0000000000007d7a     0x14c4 Drivers/STM32F4xx_HAL_Driver/Src/stm32f4xx_hal_eth.o
 .debug_info    0x000000000000923e      0x7cf Drivers/STM32F4xx_HAL_Driver/Src/stm32f4xx_hal_gpio.o
 .debug_info    0x0000000000009a0d     0x2433 Drivers/STM32F4xx_HAL_Driver/Src/stm32f4xx_hal_i2c.o
 .debug_info    0x000000000000be40      0x719 Drivers/STM32F4xx_HAL_Driver/Src/stm32f4xx_hal_i2c_ex.o
 .debug_info    0x000000000000c559      0x747 Drivers/STM32F4xx_HAL_Driver/Src/stm32f4xx_hal_pwr_ex.o
 .debug_info    0x000000000000cca0      0x91e Drivers/STM32F4xx_HAL_Driver/Src/stm32f4xx_hal_rcc.o
 .debug_info    0x000000000000d5be      0x6bc Drivers/STM32F4xx_HAL_Driver/Src/stm32f4xx_hal_rcc_ex.o
 .debug_info    0x000000000000dc7a      0xbbb Drivers/STM32F4xx_HAL_Driver/Src/stm32f4xx_hal_rtc.o
 .debug_info    0x000000000000e835     0x163a Drivers/STM32F4xx_HAL_Driver/Src/stm32f4xx_hal_spi.o
 .debug_info    0x000000000000fe6f     0x24a9 Drivers/STM32F4xx_HAL_Driver/Src/stm32f4xx_hal_tim.o
 .debug_info    0x0000000000012318     0x1157 Drivers/STM32F4xx_HAL_Driver/Src/stm32f4xx_hal_tim_ex.o
 .debug_info    0x000000000001346f     0x401f Middlewares/Third_Party/FreeRTOS/Source/CMSIS_RTOS_V2/cmsis_os2.o
 .debug_info    0x000000000001748e      0xacb Middlewares/Third_Party/FreeRTOS/Source/list.o
 .debug_info    0x0000000000017f59     0x239c Middlewares/Third_Party/FreeRTOS/Source/queue.o
 .debug_info    0x000000000001a2f5     0x29c5 Middlewares/Third_Party/FreeRTOS/Source/tasks.o
 .debug_info    0x000000000001ccba     0x1aba Middlewares/Third_Party/FreeRTOS/Source/timers.o
 .debug_info    0x000000000001e774      0x533 Middlewares/Third_Party/FreeRTOS/Source/portable/GCC/ARM_CM4F/port.o
 .debug_info    0x000000000001eca7      0xbea Middlewares/Third_Party/FreeRTOS/Source/portable/MemMang/heap_4.o

.debug_abbrev   0x0000000000000000     0x3d5e
 .debug_abbrev  0x0000000000000000      0x1a9 Core/Src/eth.o
 .debug_abbrev  0x00000000000001a9      0x126 Core/Src/freertos.o
 .debug_abbrev  0x00000000000002cf      0x109 Core/Src/gpio.o
 .debug_abbrev  0x00000000000003d8      0x199 Core/Src/i2c.o
 .debug_abbrev  0x0000000000000571      0x1dc Core/Src/main.o
 .debug_abbrev  0x000000000000074d      0x150 Core/Src/rtc.o
 .debug_abbrev  0x000000000000089d      0x199 Core/Src/spi.o
 .debug_abbrev  0x0000000000000a36      0x112 Core/Src/stm32f4xx_hal_msp.o
 .debug_abbrev  0x0000000000000b48      0x19d Core/Src/stm32f4xx_hal_timebase_tim.o
 .debug_abbrev  0x0000000000000ce5      0x15a Core/Src/stm32f4xx_it.o
 .debug_abbrev  0x0000000000000e3f      0x12b Core/Src/system_stm32f4xx.o
 .debug_abbrev  0x0000000000000f6a       0x12 Core/Startup/startup_stm32f429zitx.o
 .debug_abbrev  0x0000000000000f7c      0x1c7 Drivers/STM32F4xx_HAL_Driver/Src/stm32f4xx_hal.o
 .debug_abbrev  0x0000000000001143      0x2fa Drivers/STM32F4xx_HAL_Driver/Src/stm32f4xx_hal_cortex.o
 .debug_abbrev  0x000000000000143d      0x23e Drivers/STM32F4xx_HAL_Driver/Src/stm32f4xx_hal_eth.o
 .debug_abbrev  0x000000000000167b      0x1c9 Drivers/STM32F4xx_HAL_Driver/Src/stm32f4xx_hal_gpio.o
 .debug_abbrev  0x0000000000001844      0x254 Drivers/STM32F4xx_HAL_Driver/Src/stm32f4xx_hal_i2c.o
 .debug_abbrev  0x0000000000001a98      0x16d Drivers/STM32F4xx_HAL_Driver/Src/stm32f4xx_hal_i2c_ex.o
 .debug_abbrev  0x0000000000001c05      0x1b8 Drivers/STM32F4xx_HAL_Driver/Src/stm32f4xx_hal_pwr_ex.o
 .debug_abbrev  0x0000000000001dbd      0x245 Drivers/STM32F4xx_HAL_Driver/Src/stm32f4xx_hal_rcc.o
 .debug_abbrev  0x0000000000002002      0x173 Drivers/STM32F4xx_HAL_Driver/Src/stm32f4xx_hal_rcc_ex.o
 .debug_abbrev  0x0000000000002175      0x1be Drivers/STM32F4xx_HAL_Driver/Src/stm32f4xx_hal_rtc.o
 .debug_abbrev  0x0000000000002333      0x240 Drivers/STM32F4xx_HAL_Driver/Src/stm32f4xx_hal_spi.o
 .debug_abbrev  0x0000000000002573      0x230 Drivers/STM32F4xx_HAL_Driver/Src/stm32f4xx_hal_tim.o
 .debug_abbrev  0x00000000000027a3      0x21e Drivers/STM32F4xx_HAL_Driver/Src/stm32f4xx_hal_tim_ex.o
 .debug_abbrev  0x00000000000029c1      0x3c3 Middlewares/Third_Party/FreeRTOS/Source/CMSIS_RTOS_V2/cmsis_os2.o
 .debug_abbrev  0x0000000000002d84      0x1cf Middlewares/Third_Party/FreeRTOS/Source/list.o
 .debug_abbrev  0x0000000000002f53      0x336 Middlewares/Third_Party/FreeRTOS/Source/queue.o
 .debug_abbrev  0x0000000000003289      0x350 Middlewares/Third_Party/FreeRTOS/Source/tasks.o
 .debug_abbrev  0x00000000000035d9      0x2d7 Middlewares/Third_Party/FreeRTOS/Source/timers.o
 .debug_abbrev  0x00000000000038b0      0x210 Middlewares/Third_Party/FreeRTOS/Source/portable/GCC/ARM_CM4F/port.o
 .debug_abbrev  0x0000000000003ac0      0x29e Middlewares/Third_Party/FreeRTOS/Source/portable/MemMang/heap_4.o

.debug_aranges  0x0000000000000000     0x18b8
 .debug_aranges
                0x0000000000000000       0x30 Core/Src/eth.o
 .debug_aranges
                0x0000000000000030       0x30 Core/Src/freertos.o
 .debug_aranges
                0x0000000000000060       0x20 Core/Src/gpio.o
 .debug_aranges
                0x0000000000000080       0x30 Core/Src/i2c.o
 .debug_aranges
                0x00000000000000b0       0x38 Core/Src/main.o
 .debug_aranges
                0x00000000000000e8       0x30 Core/Src/rtc.o
 .debug_aranges
                0x0000000000000118       0x30 Core/Src/spi.o
 .debug_aranges
                0x0000000000000148       0x20 Core/Src/stm32f4xx_hal_msp.o
 .debug_aranges
                0x0000000000000168       0x30 Core/Src/stm32f4xx_hal_timebase_tim.o
 .debug_aranges
                0x0000000000000198       0x50 Core/Src/stm32f4xx_it.o
 .debug_aranges
                0x00000000000001e8       0x28 Core/Src/system_stm32f4xx.o
 .debug_aranges
                0x0000000000000210       0x28 Core/Startup/startup_stm32f429zitx.o
 .debug_aranges
                0x0000000000000238      0x100 Drivers/STM32F4xx_HAL_Driver/Src/stm32f4xx_hal.o
 .debug_aranges
                0x0000000000000338      0x118 Drivers/STM32F4xx_HAL_Driver/Src/stm32f4xx_hal_cortex.o
 .debug_aranges
                0x0000000000000450      0x118 Drivers/STM32F4xx_HAL_Driver/Src/stm32f4xx_hal_eth.o
 .debug_aranges
                0x0000000000000568       0x58 Drivers/STM32F4xx_HAL_Driver/Src/stm32f4xx_hal_gpio.o
 .debug_aranges
                0x00000000000005c0      0x2a0 Drivers/STM32F4xx_HAL_Driver/Src/stm32f4xx_hal_i2c.o
 .debug_aranges
                0x0000000000000860       0x28 Drivers/STM32F4xx_HAL_Driver/Src/stm32f4xx_hal_i2c_ex.o
 .debug_aranges
                0x0000000000000888       0x60 Drivers/STM32F4xx_HAL_Driver/Src/stm32f4xx_hal_pwr_ex.o
 .debug_aranges
                0x00000000000008e8       0x88 Drivers/STM32F4xx_HAL_Driver/Src/stm32f4xx_hal_rcc.o
 .debug_aranges
                0x0000000000000970       0x58 Drivers/STM32F4xx_HAL_Driver/Src/stm32f4xx_hal_rcc_ex.o
 .debug_aranges
                0x00000000000009c8       0xb8 Drivers/STM32F4xx_HAL_Driver/Src/stm32f4xx_hal_rtc.o
 .debug_aranges
                0x0000000000000a80      0x1d0 Drivers/STM32F4xx_HAL_Driver/Src/stm32f4xx_hal_spi.o
 .debug_aranges
                0x0000000000000c50      0x3a8 Drivers/STM32F4xx_HAL_Driver/Src/stm32f4xx_hal_tim.o
 .debug_aranges
                0x0000000000000ff8      0x150 Drivers/STM32F4xx_HAL_Driver/Src/stm32f4xx_hal_tim_ex.o
 .debug_aranges
                0x0000000000001148      0x228 Middlewares/Third_Party/FreeRTOS/Source/CMSIS_RTOS_V2/cmsis_os2.o
 .debug_aranges
                0x0000000000001370       0x40 Middlewares/Third_Party/FreeRTOS/Source/list.o
 .debug_aranges
                0x00000000000013b0      0x158 Middlewares/Third_Party/FreeRTOS/Source/queue.o
 .debug_aranges
                0x0000000000001508      0x1f8 Middlewares/Third_Party/FreeRTOS/Source/tasks.o
 .debug_aranges
                0x0000000000001700       0xe8 Middlewares/Third_Party/FreeRTOS/Source/timers.o
 .debug_aranges
                0x00000000000017e8       0x80 Middlewares/Third_Party/FreeRTOS/Source/portable/GCC/ARM_CM4F/port.o
 .debug_aranges
                0x0000000000001868       0x50 Middlewares/Third_Party/FreeRTOS/Source/portable/MemMang/heap_4.o

.debug_ranges   0x0000000000000000     0x16e8
 .debug_ranges  0x0000000000000000       0x20 Core/Src/eth.o
 .debug_ranges  0x0000000000000020       0x20 Core/Src/freertos.o
 .debug_ranges  0x0000000000000040       0x10 Core/Src/gpio.o
 .debug_ranges  0x0000000000000050       0x20 Core/Src/i2c.o
 .debug_ranges  0x0000000000000070       0x28 Core/Src/main.o
 .debug_ranges  0x0000000000000098       0x20 Core/Src/rtc.o
 .debug_ranges  0x00000000000000b8       0x20 Core/Src/spi.o
 .debug_ranges  0x00000000000000d8       0x10 Core/Src/stm32f4xx_hal_msp.o
 .debug_ranges  0x00000000000000e8       0x20 Core/Src/stm32f4xx_hal_timebase_tim.o
 .debug_ranges  0x0000000000000108       0x40 Core/Src/stm32f4xx_it.o
 .debug_ranges  0x0000000000000148       0x18 Core/Src/system_stm32f4xx.o
 .debug_ranges  0x0000000000000160       0x20 Core/Startup/startup_stm32f429zitx.o
 .debug_ranges  0x0000000000000180       0xf0 Drivers/STM32F4xx_HAL_Driver/Src/stm32f4xx_hal.o
 .debug_ranges  0x0000000000000270      0x108 Drivers/STM32F4xx_HAL_Driver/Src/stm32f4xx_hal_cortex.o
 .debug_ranges  0x0000000000000378      0x108 Drivers/STM32F4xx_HAL_Driver/Src/stm32f4xx_hal_eth.o
 .debug_ranges  0x0000000000000480       0x48 Drivers/STM32F4xx_HAL_Driver/Src/stm32f4xx_hal_gpio.o
 .debug_ranges  0x00000000000004c8      0x2b8 Drivers/STM32F4xx_HAL_Driver/Src/stm32f4xx_hal_i2c.o
 .debug_ranges  0x0000000000000780       0x18 Drivers/STM32F4xx_HAL_Driver/Src/stm32f4xx_hal_i2c_ex.o
 .debug_ranges  0x0000000000000798       0x50 Drivers/STM32F4xx_HAL_Driver/Src/stm32f4xx_hal_pwr_ex.o
 .debug_ranges  0x00000000000007e8       0x78 Drivers/STM32F4xx_HAL_Driver/Src/stm32f4xx_hal_rcc.o
 .debug_ranges  0x0000000000000860       0x48 Drivers/STM32F4xx_HAL_Driver/Src/stm32f4xx_hal_rcc_ex.o
 .debug_ranges  0x00000000000008a8       0xa8 Drivers/STM32F4xx_HAL_Driver/Src/stm32f4xx_hal_rtc.o
 .debug_ranges  0x0000000000000950      0x1c0 Drivers/STM32F4xx_HAL_Driver/Src/stm32f4xx_hal_spi.o
 .debug_ranges  0x0000000000000b10      0x398 Drivers/STM32F4xx_HAL_Driver/Src/stm32f4xx_hal_tim.o
 .debug_ranges  0x0000000000000ea8      0x140 Drivers/STM32F4xx_HAL_Driver/Src/stm32f4xx_hal_tim_ex.o
 .debug_ranges  0x0000000000000fe8      0x218 Middlewares/Third_Party/FreeRTOS/Source/CMSIS_RTOS_V2/cmsis_os2.o
 .debug_ranges  0x0000000000001200       0x30 Middlewares/Third_Party/FreeRTOS/Source/list.o
 .debug_ranges  0x0000000000001230      0x148 Middlewares/Third_Party/FreeRTOS/Source/queue.o
 .debug_ranges  0x0000000000001378      0x1e8 Middlewares/Third_Party/FreeRTOS/Source/tasks.o
 .debug_ranges  0x0000000000001560       0xd8 Middlewares/Third_Party/FreeRTOS/Source/timers.o
 .debug_ranges  0x0000000000001638       0x70 Middlewares/Third_Party/FreeRTOS/Source/portable/GCC/ARM_CM4F/port.o
 .debug_ranges  0x00000000000016a8       0x40 Middlewares/Third_Party/FreeRTOS/Source/portable/MemMang/heap_4.o

.debug_macro    0x0000000000000000    0x279c6
 .debug_macro   0x0000000000000000      0x21e Core/Src/eth.o
 .debug_macro   0x000000000000021e      0xa5a Core/Src/eth.o
 .debug_macro   0x0000000000000c78      0x1cd Core/Src/eth.o
 .debug_macro   0x0000000000000e45       0x2e Core/Src/eth.o
 .debug_macro   0x0000000000000e73       0x28 Core/Src/eth.o
 .debug_macro   0x0000000000000e9b       0x22 Core/Src/eth.o
 .debug_macro   0x0000000000000ebd       0x8e Core/Src/eth.o
 .debug_macro   0x0000000000000f4b       0x51 Core/Src/eth.o
 .debug_macro   0x0000000000000f9c       0xef Core/Src/eth.o
 .debug_macro   0x000000000000108b       0x6a Core/Src/eth.o
 .debug_macro   0x00000000000010f5      0x1df Core/Src/eth.o
 .debug_macro   0x00000000000012d4       0x1c Core/Src/eth.o
 .debug_macro   0x00000000000012f0       0x22 Core/Src/eth.o
 .debug_macro   0x0000000000001312       0xdf Core/Src/eth.o
 .debug_macro   0x00000000000013f1     0x102d Core/Src/eth.o
 .debug_macro   0x000000000000241e      0x11f Core/Src/eth.o
 .debug_macro   0x000000000000253d    0x17f69 Core/Src/eth.o
 .debug_macro   0x000000000001a4a6       0x43 Core/Src/eth.o
 .debug_macro   0x000000000001a4e9     0x36c9 Core/Src/eth.o
 .debug_macro   0x000000000001dbb2      0x174 Core/Src/eth.o
 .debug_macro   0x000000000001dd26       0x5a Core/Src/eth.o
 .debug_macro   0x000000000001dd80      0xca5 Core/Src/eth.o
 .debug_macro   0x000000000001ea25      0x9fe Core/Src/eth.o
 .debug_macro   0x000000000001f423      0x182 Core/Src/eth.o
 .debug_macro   0x000000000001f5a5      0x117 Core/Src/eth.o
 .debug_macro   0x000000000001f6bc      0x157 Core/Src/eth.o
 .debug_macro   0x000000000001f813       0x27 Core/Src/eth.o
 .debug_macro   0x000000000001f83a      0x287 Core/Src/eth.o
 .debug_macro   0x000000000001fac1       0x5f Core/Src/eth.o
 .debug_macro   0x000000000001fb20      0x236 Core/Src/eth.o
 .debug_macro   0x000000000001fd56      0xccf Core/Src/eth.o
 .debug_macro   0x0000000000020a25      0x132 Core/Src/eth.o
 .debug_macro   0x0000000000020b57      0x41d Core/Src/eth.o
 .debug_macro   0x0000000000020f74       0x2e Core/Src/eth.o
 .debug_macro   0x0000000000020fa2      0x1b5 Core/Src/eth.o
 .debug_macro   0x0000000000021157       0x22 Core/Src/eth.o
 .debug_macro   0x0000000000021179       0xd6 Core/Src/eth.o
 .debug_macro   0x000000000002124f      0x11a Core/Src/eth.o
 .debug_macro   0x0000000000021369       0xe2 Core/Src/eth.o
 .debug_macro   0x000000000002144b       0x89 Core/Src/eth.o
 .debug_macro   0x00000000000214d4      0x31a Core/Src/eth.o
 .debug_macro   0x00000000000217ee      0x405 Core/Src/eth.o
 .debug_macro   0x0000000000021bf3       0xe4 Core/Src/eth.o
 .debug_macro   0x0000000000021cd7      0x225 Core/Src/eth.o
 .debug_macro   0x0000000000021efc      0x8a0 Core/Src/eth.o
 .debug_macro   0x000000000002279c       0x47 Core/Src/eth.o
 .debug_macro   0x00000000000227e3      0x134 Core/Src/eth.o
 .debug_macro   0x0000000000022917      0x29e Core/Src/freertos.o
 .debug_macro   0x0000000000022bb5      0x137 Core/Src/freertos.o
 .debug_macro   0x0000000000022cec      0x15a Core/Src/freertos.o
 .debug_macro   0x0000000000022e46       0xc9 Core/Src/freertos.o
 .debug_macro   0x0000000000022f0f       0x1c Core/Src/freertos.o
 .debug_macro   0x0000000000022f2b       0x26 Core/Src/freertos.o
 .debug_macro   0x0000000000022f51      0x4b0 Core/Src/freertos.o
 .debug_macro   0x0000000000023401       0xb5 Core/Src/freertos.o
 .debug_macro   0x00000000000234b6       0xaa Core/Src/freertos.o
 .debug_macro   0x0000000000023560       0x6c Core/Src/freertos.o
 .debug_macro   0x00000000000235cc       0x74 Core/Src/freertos.o
 .debug_macro   0x0000000000023640       0xdd Core/Src/freertos.o
 .debug_macro   0x000000000002371d      0x21e Core/Src/gpio.o
 .debug_macro   0x000000000002393b      0x21e Core/Src/i2c.o
 .debug_macro   0x0000000000023b59      0x2da Core/Src/main.o
 .debug_macro   0x0000000000023e33      0x137 Core/Src/main.o
 .debug_macro   0x0000000000023f6a       0x66 Core/Src/main.o
 .debug_macro   0x0000000000023fd0      0x21e Core/Src/rtc.o
 .debug_macro   0x00000000000241ee      0x21e Core/Src/spi.o
 .debug_macro   0x000000000002440c      0x214 Core/Src/stm32f4xx_hal_msp.o
 .debug_macro   0x0000000000024620      0x20a Core/Src/stm32f4xx_hal_timebase_tim.o
 .debug_macro   0x000000000002482a      0x286 Core/Src/stm32f4xx_it.o
 .debug_macro   0x0000000000024ab0      0x210 Core/Src/system_stm32f4xx.o
 .debug_macro   0x0000000000024cc0      0x26a Drivers/STM32F4xx_HAL_Driver/Src/stm32f4xx_hal.o
 .debug_macro   0x0000000000024f2a      0x20a Drivers/STM32F4xx_HAL_Driver/Src/stm32f4xx_hal_cortex.o
 .debug_macro   0x0000000000025134      0x220 Drivers/STM32F4xx_HAL_Driver/Src/stm32f4xx_hal_eth.o
 .debug_macro   0x0000000000025354      0x240 Drivers/STM32F4xx_HAL_Driver/Src/stm32f4xx_hal_gpio.o
 .debug_macro   0x0000000000025594      0x251 Drivers/STM32F4xx_HAL_Driver/Src/stm32f4xx_hal_i2c.o
 .debug_macro   0x00000000000257e5      0x20a Drivers/STM32F4xx_HAL_Driver/Src/stm32f4xx_hal_i2c_ex.o
 .debug_macro   0x00000000000259ef      0x222 Drivers/STM32F4xx_HAL_Driver/Src/stm32f4xx_hal_pwr_ex.o
 .debug_macro   0x0000000000025c11      0x22e Drivers/STM32F4xx_HAL_Driver/Src/stm32f4xx_hal_rcc.o
 .debug_macro   0x0000000000025e3f      0x20a Drivers/STM32F4xx_HAL_Driver/Src/stm32f4xx_hal_rcc_ex.o
 .debug_macro   0x0000000000026049      0x20b Drivers/STM32F4xx_HAL_Driver/Src/stm32f4xx_hal_rtc.o
 .debug_macro   0x0000000000026254      0x219 Drivers/STM32F4xx_HAL_Driver/Src/stm32f4xx_hal_spi.o
 .debug_macro   0x000000000002646d      0x20b Drivers/STM32F4xx_HAL_Driver/Src/stm32f4xx_hal_tim.o
 .debug_macro   0x0000000000026678      0x20a Drivers/STM32F4xx_HAL_Driver/Src/stm32f4xx_hal_tim_ex.o
 .debug_macro   0x0000000000026882      0x23a Middlewares/Third_Party/FreeRTOS/Source/CMSIS_RTOS_V2/cmsis_os2.o
 .debug_macro   0x0000000000026abc       0x10 Middlewares/Third_Party/FreeRTOS/Source/CMSIS_RTOS_V2/cmsis_os2.o
 .debug_macro   0x0000000000026acc       0x20 Middlewares/Third_Party/FreeRTOS/Source/CMSIS_RTOS_V2/cmsis_os2.o
 .debug_macro   0x0000000000026aec       0x10 Middlewares/Third_Party/FreeRTOS/Source/CMSIS_RTOS_V2/cmsis_os2.o
 .debug_macro   0x0000000000026afc       0xd3 Middlewares/Third_Party/FreeRTOS/Source/CMSIS_RTOS_V2/cmsis_os2.o
 .debug_macro   0x0000000000026bcf       0x91 Middlewares/Third_Party/FreeRTOS/Source/CMSIS_RTOS_V2/cmsis_os2.o
 .debug_macro   0x0000000000026c60       0x8d Middlewares/Third_Party/FreeRTOS/Source/CMSIS_RTOS_V2/cmsis_os2.o
 .debug_macro   0x0000000000026ced       0x9a Middlewares/Third_Party/FreeRTOS/Source/CMSIS_RTOS_V2/cmsis_os2.o
 .debug_macro   0x0000000000026d87      0x17a Middlewares/Third_Party/FreeRTOS/Source/list.o
 .debug_macro   0x0000000000026f01      0x209 Middlewares/Third_Party/FreeRTOS/Source/queue.o
 .debug_macro   0x000000000002710a       0x16 Middlewares/Third_Party/FreeRTOS/Source/queue.o
 .debug_macro   0x0000000000027120       0x87 Middlewares/Third_Party/FreeRTOS/Source/queue.o
 .debug_macro   0x00000000000271a7      0x272 Middlewares/Third_Party/FreeRTOS/Source/tasks.o
 .debug_macro   0x0000000000027419       0x10 Middlewares/Third_Party/FreeRTOS/Source/tasks.o
 .debug_macro   0x0000000000027429      0x1cf Middlewares/Third_Party/FreeRTOS/Source/timers.o
 .debug_macro   0x00000000000275f8       0x97 Middlewares/Third_Party/FreeRTOS/Source/timers.o
 .debug_macro   0x000000000002768f      0x196 Middlewares/Third_Party/FreeRTOS/Source/portable/GCC/ARM_CM4F/port.o
 .debug_macro   0x0000000000027825      0x1a1 Middlewares/Third_Party/FreeRTOS/Source/portable/MemMang/heap_4.o

.debug_line     0x0000000000000000    0x15f9c
 .debug_line    0x0000000000000000      0x769 Core/Src/eth.o
 .debug_line    0x0000000000000769      0x891 Core/Src/freertos.o
 .debug_line    0x0000000000000ffa      0x714 Core/Src/gpio.o
 .debug_line    0x000000000000170e      0x74a Core/Src/i2c.o
 .debug_line    0x0000000000001e58      0x8ee Core/Src/main.o
 .debug_line    0x0000000000002746      0x74d Core/Src/rtc.o
 .debug_line    0x0000000000002e93      0x751 Core/Src/spi.o
 .debug_line    0x00000000000035e4      0x716 Core/Src/stm32f4xx_hal_msp.o
 .debug_line    0x0000000000003cfa      0x749 Core/Src/stm32f4xx_hal_timebase_tim.o
 .debug_line    0x0000000000004443      0x89a Core/Src/stm32f4xx_it.o
 .debug_line    0x0000000000004cdd      0x730 Core/Src/system_stm32f4xx.o
 .debug_line    0x000000000000540d       0x85 Core/Startup/startup_stm32f429zitx.o
 .debug_line    0x0000000000005492      0x93e Drivers/STM32F4xx_HAL_Driver/Src/stm32f4xx_hal.o
 .debug_line    0x0000000000005dd0      0xa3e Drivers/STM32F4xx_HAL_Driver/Src/stm32f4xx_hal_cortex.o
 .debug_line    0x000000000000680e      0xe09 Drivers/STM32F4xx_HAL_Driver/Src/stm32f4xx_hal_eth.o
 .debug_line    0x0000000000007617      0x921 Drivers/STM32F4xx_HAL_Driver/Src/stm32f4xx_hal_gpio.o
 .debug_line    0x0000000000007f38     0x1bc8 Drivers/STM32F4xx_HAL_Driver/Src/stm32f4xx_hal_i2c.o
 .debug_line    0x0000000000009b00      0x74a Drivers/STM32F4xx_HAL_Driver/Src/stm32f4xx_hal_i2c_ex.o
 .debug_line    0x000000000000a24a      0x80c Drivers/STM32F4xx_HAL_Driver/Src/stm32f4xx_hal_pwr_ex.o
 .debug_line    0x000000000000aa56      0x972 Drivers/STM32F4xx_HAL_Driver/Src/stm32f4xx_hal_rcc.o
 .debug_line    0x000000000000b3c8      0x8b9 Drivers/STM32F4xx_HAL_Driver/Src/stm32f4xx_hal_rcc_ex.o
 .debug_line    0x000000000000bc81      0xaaa Drivers/STM32F4xx_HAL_Driver/Src/stm32f4xx_hal_rtc.o
 .debug_line    0x000000000000c72b     0x10d6 Drivers/STM32F4xx_HAL_Driver/Src/stm32f4xx_hal_spi.o
 .debug_line    0x000000000000d801     0x1993 Drivers/STM32F4xx_HAL_Driver/Src/stm32f4xx_hal_tim.o
 .debug_line    0x000000000000f194      0xd30 Drivers/STM32F4xx_HAL_Driver/Src/stm32f4xx_hal_tim_ex.o
 .debug_line    0x000000000000fec4     0x1df3 Middlewares/Third_Party/FreeRTOS/Source/CMSIS_RTOS_V2/cmsis_os2.o
 .debug_line    0x0000000000011cb7      0x63f Middlewares/Third_Party/FreeRTOS/Source/list.o
 .debug_line    0x00000000000122f6     0x10d4 Middlewares/Third_Party/FreeRTOS/Source/queue.o
 .debug_line    0x00000000000133ca     0x13dc Middlewares/Third_Party/FreeRTOS/Source/tasks.o
 .debug_line    0x00000000000147a6      0xa52 Middlewares/Third_Party/FreeRTOS/Source/timers.o
 .debug_line    0x00000000000151f8      0x67f Middlewares/Third_Party/FreeRTOS/Source/portable/GCC/ARM_CM4F/port.o
 .debug_line    0x0000000000015877      0x725 Middlewares/Third_Party/FreeRTOS/Source/portable/MemMang/heap_4.o

.debug_str      0x0000000000000000    0xf16f1
 .debug_str     0x0000000000000000    0xdf3e2 Core/Src/eth.o
                                      0xdf6bb (size before relaxing)
 .debug_str     0x00000000000df3e2     0x4caf Core/Src/freertos.o
                                      0xe3cea (size before relaxing)
 .debug_str     0x00000000000e4091       0x2a Core/Src/gpio.o
                                      0xdf15c (size before relaxing)
 .debug_str     0x00000000000e40bb      0x498 Core/Src/i2c.o
                                      0xdf6fe (size before relaxing)
 .debug_str     0x00000000000e4553      0x77b Core/Src/main.o
                                      0xe4a73 (size before relaxing)
 .debug_str     0x00000000000e4cce       0xd2 Core/Src/rtc.o
                                      0xdf352 (size before relaxing)
 .debug_str     0x00000000000e4da0       0x4b Core/Src/spi.o
                                      0xdf656 (size before relaxing)
 .debug_str     0x00000000000e4deb      0x56b Core/Src/stm32f4xx_hal_msp.o
                                      0xdf6b0 (size before relaxing)
 .debug_str     0x00000000000e5356       0xaa Core/Src/stm32f4xx_hal_timebase_tim.o
                                      0xdfbbf (size before relaxing)
 .debug_str     0x00000000000e5400       0xa2 Core/Src/stm32f4xx_it.o
                                      0xe3131 (size before relaxing)
 .debug_str     0x00000000000e54a2       0xc4 Core/Src/system_stm32f4xx.o
                                      0xdf1e5 (size before relaxing)
 .debug_str     0x00000000000e5566       0x36 Core/Startup/startup_stm32f429zitx.o
                                         0x72 (size before relaxing)
 .debug_str     0x00000000000e559c      0x57d Drivers/STM32F4xx_HAL_Driver/Src/stm32f4xx_hal.o
                                      0xdfd51 (size before relaxing)
 .debug_str     0x00000000000e5b19      0x384 Drivers/STM32F4xx_HAL_Driver/Src/stm32f4xx_hal_cortex.o
                                      0xdfaf2 (size before relaxing)
 .debug_str     0x00000000000e5e9d      0x75c Drivers/STM32F4xx_HAL_Driver/Src/stm32f4xx_hal_eth.o
                                      0xdfdb0 (size before relaxing)
 .debug_str     0x00000000000e65f9      0x205 Drivers/STM32F4xx_HAL_Driver/Src/stm32f4xx_hal_gpio.o
                                      0xdf424 (size before relaxing)
 .debug_str     0x00000000000e67fe      0xab6 Drivers/STM32F4xx_HAL_Driver/Src/stm32f4xx_hal_i2c.o
                                      0xe0144 (size before relaxing)
 .debug_str     0x00000000000e72b4       0x3b Drivers/STM32F4xx_HAL_Driver/Src/stm32f4xx_hal_i2c_ex.o
                                      0xdf5cb (size before relaxing)
 .debug_str     0x00000000000e72ef      0x12d Drivers/STM32F4xx_HAL_Driver/Src/stm32f4xx_hal_pwr_ex.o
                                      0xdf3c8 (size before relaxing)
 .debug_str     0x00000000000e741c      0x244 Drivers/STM32F4xx_HAL_Driver/Src/stm32f4xx_hal_rcc.o
                                      0xdf5d2 (size before relaxing)
 .debug_str     0x00000000000e7660      0x145 Drivers/STM32F4xx_HAL_Driver/Src/stm32f4xx_hal_rcc_ex.o
                                      0xdf3c3 (size before relaxing)
 .debug_str     0x00000000000e77a5      0x210 Drivers/STM32F4xx_HAL_Driver/Src/stm32f4xx_hal_rtc.o
                                      0xdf57f (size before relaxing)
 .debug_str     0x00000000000e79b5      0x54a Drivers/STM32F4xx_HAL_Driver/Src/stm32f4xx_hal_spi.o
                                      0xdfa40 (size before relaxing)
 .debug_str     0x00000000000e7eff      0xd55 Drivers/STM32F4xx_HAL_Driver/Src/stm32f4xx_hal_tim.o
                                      0xe02de (size before relaxing)
 .debug_str     0x00000000000e8c54      0x4ec Drivers/STM32F4xx_HAL_Driver/Src/stm32f4xx_hal_tim_ex.o
                                      0xdfade (size before relaxing)
 .debug_str     0x00000000000e9140     0x57a2 Middlewares/Third_Party/FreeRTOS/Source/CMSIS_RTOS_V2/cmsis_os2.o
                                       0xe355 (size before relaxing)
 .debug_str     0x00000000000ee8e2      0x219 Middlewares/Third_Party/FreeRTOS/Source/list.o
                                       0xa676 (size before relaxing)
 .debug_str     0x00000000000eeafb      0x92e Middlewares/Third_Party/FreeRTOS/Source/queue.o
                                       0xbfd5 (size before relaxing)
 .debug_str     0x00000000000ef429     0x1269 Middlewares/Third_Party/FreeRTOS/Source/tasks.o
                                       0xcb0c (size before relaxing)
 .debug_str     0x00000000000f0692      0x60b Middlewares/Third_Party/FreeRTOS/Source/timers.o
                                       0xc552 (size before relaxing)
 .debug_str     0x00000000000f0c9d      0x803 Middlewares/Third_Party/FreeRTOS/Source/portable/GCC/ARM_CM4F/port.o
                                       0x843f (size before relaxing)
 .debug_str     0x00000000000f14a0      0x251 Middlewares/Third_Party/FreeRTOS/Source/portable/MemMang/heap_4.o
                                       0xae69 (size before relaxing)

.comment        0x0000000000000000       0x7b
 .comment       0x0000000000000000       0x7b Core/Src/eth.o
                                         0x7c (size before relaxing)
 .comment       0x000000000000007b       0x7c Core/Src/freertos.o
 .comment       0x000000000000007b       0x7c Core/Src/gpio.o
 .comment       0x000000000000007b       0x7c Core/Src/i2c.o
 .comment       0x000000000000007b       0x7c Core/Src/main.o
 .comment       0x000000000000007b       0x7c Core/Src/rtc.o
 .comment       0x000000000000007b       0x7c Core/Src/spi.o
 .comment       0x000000000000007b       0x7c Core/Src/stm32f4xx_hal_msp.o
 .comment       0x000000000000007b       0x7c Core/Src/stm32f4xx_hal_timebase_tim.o
 .comment       0x000000000000007b       0x7c Core/Src/stm32f4xx_it.o
 .comment       0x000000000000007b       0x7c Core/Src/system_stm32f4xx.o
 .comment       0x000000000000007b       0x7c Drivers/STM32F4xx_HAL_Driver/Src/stm32f4xx_hal.o
 .comment       0x000000000000007b       0x7c Drivers/STM32F4xx_HAL_Driver/Src/stm32f4xx_hal_cortex.o
 .comment       0x000000000000007b       0x7c Drivers/STM32F4xx_HAL_Driver/Src/stm32f4xx_hal_eth.o
 .comment       0x000000000000007b       0x7c Drivers/STM32F4xx_HAL_Driver/Src/stm32f4xx_hal_gpio.o
 .comment       0x000000000000007b       0x7c Drivers/STM32F4xx_HAL_Driver/Src/stm32f4xx_hal_i2c.o
 .comment       0x000000000000007b       0x7c Drivers/STM32F4xx_HAL_Driver/Src/stm32f4xx_hal_i2c_ex.o
 .comment       0x000000000000007b       0x7c Drivers/STM32F4xx_HAL_Driver/Src/stm32f4xx_hal_pwr_ex.o
 .comment       0x000000000000007b       0x7c Drivers/STM32F4xx_HAL_Driver/Src/stm32f4xx_hal_rcc.o
 .comment       0x000000000000007b       0x7c Drivers/STM32F4xx_HAL_Driver/Src/stm32f4xx_hal_rcc_ex.o
 .comment       0x000000000000007b       0x7c Drivers/STM32F4xx_HAL_Driver/Src/stm32f4xx_hal_rtc.o
 .comment       0x000000000000007b       0x7c Drivers/STM32F4xx_HAL_Driver/Src/stm32f4xx_hal_spi.o
 .comment       0x000000000000007b       0x7c Drivers/STM32F4xx_HAL_Driver/Src/stm32f4xx_hal_tim.o
 .comment       0x000000000000007b       0x7c Drivers/STM32F4xx_HAL_Driver/Src/stm32f4xx_hal_tim_ex.o
 .comment       0x000000000000007b       0x7c Middlewares/Third_Party/FreeRTOS/Source/CMSIS_RTOS_V2/cmsis_os2.o
 .comment       0x000000000000007b       0x7c Middlewares/Third_Party/FreeRTOS/Source/list.o
 .comment       0x000000000000007b       0x7c Middlewares/Third_Party/FreeRTOS/Source/queue.o
 .comment       0x000000000000007b       0x7c Middlewares/Third_Party/FreeRTOS/Source/tasks.o